Archive member included to satisfy reference by file (symbol)

/opt/petalinux/petalinux-v2014.4-final/tools/linux-i386/arm-xilinx-linux-gnueabi/bin/../lib/gcc/arm-xilinx-linux-gnueabi/4.8.3/libgcc.a(_udivsi3.o)
                              arch/arm/cpu/armv7/zynq/built-in.o (__aeabi_uidiv)
/opt/petalinux/petalinux-v2014.4-final/tools/linux-i386/arm-xilinx-linux-gnueabi/bin/../lib/gcc/arm-xilinx-linux-gnueabi/4.8.3/libgcc.a(_divsi3.o)
                              common/built-in.o (__aeabi_idiv)
/opt/petalinux/petalinux-v2014.4-final/tools/linux-i386/arm-xilinx-linux-gnueabi/bin/../lib/gcc/arm-xilinx-linux-gnueabi/4.8.3/libgcc.a(_lshrdi3.o)
                              fs/built-in.o (__aeabi_llsr)
/opt/petalinux/petalinux-v2014.4-final/tools/linux-i386/arm-xilinx-linux-gnueabi/bin/../lib/gcc/arm-xilinx-linux-gnueabi/4.8.3/libgcc.a(_ashldi3.o)
                              drivers/mmc/built-in.o (__aeabi_llsl)
/opt/petalinux/petalinux-v2014.4-final/tools/linux-i386/arm-xilinx-linux-gnueabi/bin/../lib/gcc/arm-xilinx-linux-gnueabi/4.8.3/libgcc.a(_dvmd_lnx.o)
                              /opt/petalinux/petalinux-v2014.4-final/tools/linux-i386/arm-xilinx-linux-gnueabi/bin/../lib/gcc/arm-xilinx-linux-gnueabi/4.8.3/libgcc.a(_udivsi3.o) (__aeabi_idiv0)

Discarded input sections

 .data          0x00000000        0x0 arch/arm/cpu/armv7/start.o
 .bss           0x00000000        0x0 arch/arm/cpu/armv7/start.o
 .text          0x00000000        0x0 arch/arm/cpu/armv7/built-in.o
 .text.sdelay   0x00000000        0xc arch/arm/cpu/armv7/built-in.o
 .text.wait_on_value
                0x00000000       0x34 arch/arm/cpu/armv7/built-in.o
 .data          0x00000000        0x0 arch/arm/cpu/armv7/built-in.o
 .bss           0x00000000        0x0 arch/arm/cpu/armv7/built-in.o
 .text.zynq_get_silicon_version
                0x00000000       0x14 arch/arm/cpu/armv7/zynq/built-in.o
 .text.zynq_slcr_get_boot_mode
                0x00000000        0xc arch/arm/cpu/armv7/zynq/built-in.o
 .text.zynq_clk_get_name
                0x00000000       0x18 arch/arm/cpu/armv7/zynq/built-in.o
 .data          0x00000000        0x0 arch/arm/cpu/armv7/zynq/built-in.o
 .bss           0x00000000        0x0 arch/arm/cpu/armv7/zynq/built-in.o
 .text.setup_board_tags
                0x00000000        0x4 arch/arm/lib/built-in.o
 .text.flush_cache
                0x00000000        0x4 arch/arm/lib/built-in.o
 .text.flush_dcache_all
                0x00000000        0xc arch/arm/lib/built-in.o
 .text.enable_caches
                0x00000000        0xc arch/arm/lib/built-in.o
 .text.arm_init_before_mmu
                0x00000000        0x4 arch/arm/lib/built-in.o
 .text.mmu_page_table_flush
                0x00000000        0x4 arch/arm/lib/built-in.o
 .data          0x00000000        0x0 arch/arm/lib/built-in.o
 .bss           0x00000000        0x0 arch/arm/lib/built-in.o
 .text          0x00000000        0x0 board/xilinx/zynq/built-in.o
 .text.board_late_init
                0x00000000       0x9c board/xilinx/zynq/built-in.o
 .data          0x00000000        0x0 board/xilinx/zynq/built-in.o
 .bss           0x00000000        0x0 board/xilinx/zynq/built-in.o
 .text          0x00000000        0x0 common/built-in.o
 .text.cmd_process_error
                0x00000000       0x30 common/built-in.o
 .text.hash_block
                0x00000000       0x70 common/built-in.o
 .text.unset_local_var
                0x00000000       0x9c common/built-in.o
 .text.cli_simple_parse_line
                0x00000000       0x88 common/built-in.o
 .text.cli_simple_run_command
                0x00000000      0x354 common/built-in.o
 .text.cli_simple_loop
                0x00000000       0x78 common/built-in.o
 .text.cli_simple_run_command_list
                0x00000000       0x70 common/built-in.o
 .text.run_command_repeatable
                0x00000000       0x18 common/built-in.o
 .text.arch_cpu_init
                0x00000000        0x8 common/built-in.o
 .text.__red_led_off
                0x00000000        0x4 common/built-in.o
 .text.__green_led_on
                0x00000000        0x4 common/built-in.o
 .text.__green_led_off
                0x00000000        0x4 common/built-in.o
 .text.__yellow_led_on
                0x00000000        0x4 common/built-in.o
 .text.__yellow_led_off
                0x00000000        0x4 common/built-in.o
 .text.__blue_led_on
                0x00000000        0x4 common/built-in.o
 .text.__blue_led_off
                0x00000000        0x4 common/built-in.o
 .text.__board_flash_wp_on
                0x00000000        0x8 common/built-in.o
 .text.fixup_cpu
                0x00000000        0x8 common/built-in.o
 .text.env_flags_parse_varaccess_from_binflags
                0x00000000       0x28 common/built-in.o
 .text.invalidate_icache_all
                0x00000000        0xc common/built-in.o
 .text.flush_dcache_all
                0x00000000        0xc common/built-in.o
 .text.soc_clk_dump
[...]
Memory Configuration

Name             Origin             Length             Attributes
*default*        0x00000000         0xffffffff

Linker script and memory map

Address of section .text set to 0x1fc00000
                0x00000000                . = 0x0
                0x00000000                . = ALIGN (0x4)

.text           0x1fc00000    0x2efd8
 *(.__image_copy_start)
 .__image_copy_start
                0x1fc00000        0x0 arch/arm/lib/built-in.o
                0x1fc00000                __image_copy_start
 *(.vectors)
 .vectors       0x1fc00000      0x300 arch/arm/lib/built-in.o
                0x1fc00000                _start
                0x1fc00024                _undefined_instruction
                0x1fc00028                _software_interrupt
                0x1fc0002c                _prefetch_abort
                0x1fc00030                _data_abort
                0x1fc00034                _not_used
                0x1fc00038                _irq
                0x1fc0003c                _fiq
                0x1fc00040                IRQ_STACK_START_IN
 arch/arm/cpu/armv7/start.o(.text*)
 .text          0x1fc00300       0x9c arch/arm/cpu/armv7/start.o
                0x1fc00300                reset
                0x1fc00340                c_runtime_cpu_setup
                0x1fc00358                save_boot_params
                0x1fc0035c                cpu_init_cp15
                0x1fc00394                cpu_init_crit
 *(.text*)
 .text.v7_maint_dcache_all
                0x1fc0039c       0xd4 arch/arm/cpu/armv7/built-in.o
 .text.v7_dcache_inval_range
                0x1fc00470       0x80 arch/arm/cpu/armv7/built-in.o
 .text.invalidate_icache_all
                0x1fc004f0       0x18 arch/arm/cpu/armv7/built-in.o
                0x1fc004f0                invalidate_icache_all
 .text.v7_outer_cache_enable
                0x1fc00508        0x4 arch/arm/cpu/armv7/built-in.o
                0x1fc00508                v7_outer_cache_enable
 .text.v7_outer_cache_disable
                0x1fc0050c        0x4 arch/arm/cpu/armv7/built-in.o
                0x1fc0050c                v7_outer_cache_disable
 .text.v7_outer_cache_flush_all
                0x1fc00510        0x4 arch/arm/cpu/armv7/built-in.o
                0x1fc00510                v7_outer_cache_flush_all
 .text.flush_dcache_all
                0x1fc00514       0x14 arch/arm/cpu/armv7/built-in.o
                0x1fc00514                flush_dcache_all
 .text.v7_outer_cache_inval_all
                0x1fc00528        0x4 arch/arm/cpu/armv7/built-in.o
                0x1fc00528                v7_outer_cache_inval_all
 .text.invalidate_dcache_all
                0x1fc0052c       0x14 arch/arm/cpu/armv7/built-in.o
                0x1fc0052c                invalidate_dcache_all
 .text.arm_init_before_mmu
                0x1fc00540       0x28 arch/arm/cpu/armv7/built-in.o
                0x1fc00540                arm_init_before_mmu
 .text.v7_outer_cache_flush_range
                0x1fc00568        0x4 arch/arm/cpu/armv7/built-in.o
                0x1fc00568                v7_outer_cache_flush_range
 .text.flush_dcache_range
                0x1fc0056c       0x3c arch/arm/cpu/armv7/built-in.o
                0x1fc0056c                flush_dcache_range
 .text.mmu_page_table_flush
                0x1fc005a8       0x24 arch/arm/cpu/armv7/built-in.o
                0x1fc005a8                mmu_page_table_flush
 .text.flush_cache
                0x1fc005cc        0x8 arch/arm/cpu/armv7/built-in.o
                0x1fc005cc                flush_cache
 .text.v7_outer_cache_inval_range
                0x1fc005d4        0x4 arch/arm/cpu/armv7/built-in.o
                0x1fc005d4                v7_outer_cache_inval_range
 .text.invalidate_dcache_range
                0x1fc005d8       0x3c arch/arm/cpu/armv7/built-in.o
                0x1fc005d8                invalidate_dcache_range
 .text.cpu_cache_initialization
                0x1fc00614        0x4 arch/arm/cpu/armv7/built-in.o
                0x1fc00614                cpu_cache_initialization
 .text.cleanup_before_linux
                0x1fc00618       0x28 arch/arm/cpu/armv7/built-in.o
                0x1fc00618                cleanup_before_linux
 .text          0x1fc00640       0x24 arch/arm/cpu/armv7/zynq/built-in.o
                0x1fc00640                lowlevel_init
 .text.timer_init
                0x1fc00664       0x60 arch/arm/cpu/armv7/zynq/built-in.o
                0x1fc00664                timer_init
 .text.get_timer_masked
                0x1fc006c4       0x50 arch/arm/cpu/armv7/zynq/built-in.o
                0x1fc006c4                get_timer_masked
 .text.__udelay
                0x1fc00714       0x90 arch/arm/cpu/armv7/zynq/built-in.o
                0x1fc00714                __udelay
 .text.get_timer
                0x1fc007a4       0x14 arch/arm/cpu/armv7/zynq/built-in.o
                0x1fc007a4                get_timer
 .text.get_ticks
                0x1fc007b8       0x10 arch/arm/cpu/armv7/zynq/built-in.o
                0x1fc007b8                get_ticks
 .text.get_tbclk
                0x1fc007c8        0x8 arch/arm/cpu/armv7/zynq/built-in.o
                0x1fc007c8                get_tbclk
 .text.arch_cpu_init
                0x1fc007d0       0x64 arch/arm/cpu/armv7/zynq/built-in.o
                0x1fc007d0                arch_cpu_init
 .text.reset_cpu
                0x1fc00834        0xc arch/arm/cpu/armv7/zynq/built-in.o
                0x1fc00834                reset_cpu
 .text.enable_caches
                0x1fc00840        0x4 arch/arm/cpu/armv7/zynq/built-in.o
                0x1fc00840                enable_caches
 .text.zynq_ddrc_init
                0x1fc00844       0x64 arch/arm/cpu/armv7/zynq/built-in.o
                0x1fc00844                zynq_ddrc_init
 .text.zynq_slcr_lock
                0x1fc008a8       0x2c arch/arm/cpu/armv7/zynq/built-in.o
                0x1fc008a8                zynq_slcr_lock
 .text.zynq_slcr_unlock
                0x1fc008d4       0x2c arch/arm/cpu/armv7/zynq/built-in.o
                0x1fc008d4                zynq_slcr_unlock
 .text.zynq_slcr_cpu_reset
                0x1fc00900       0x24 arch/arm/cpu/armv7/zynq/built-in.o
                0x1fc00900                zynq_slcr_cpu_reset
 .text.zynq_slcr_gem_clk_setup
                0x1fc00924       0x68 arch/arm/cpu/armv7/zynq/built-in.o
                0x1fc00924                zynq_slcr_gem_clk_setup
 .text.zynq_slcr_devcfg_disable
                0x1fc0098c       0x24 arch/arm/cpu/armv7/zynq/built-in.o
                0x1fc0098c                zynq_slcr_devcfg_disable
 .text.zynq_slcr_devcfg_enable
                0x1fc009b0       0x24 arch/arm/cpu/armv7/zynq/built-in.o
                0x1fc009b0                zynq_slcr_devcfg_enable
 .text.zynq_slcr_get_idcode
                0x1fc009d4       0x10 arch/arm/cpu/armv7/zynq/built-in.o
                0x1fc009d4                zynq_slcr_get_idcode
 .text.zynq_slcr_get_mio_pin_status
                0x1fc009e4       0x90 arch/arm/cpu/armv7/zynq/built-in.o
                0x1fc009e4                zynq_slcr_get_mio_pin_status
 .text.ddr2x_get_rate
                0x1fc00a74       0x3c arch/arm/cpu/armv7/zynq/built-in.o
 .text.ddr3x_get_rate
                0x1fc00ab0       0x3c arch/arm/cpu/armv7/zynq/built-in.o
 .text.zynq_clk_periph_get_rate
                0x1fc00aec       0x68 arch/arm/cpu/armv7/zynq/built-in.o
 .text.__zynq_clk_pll_get_rate
                0x1fc00b54       0x20 arch/arm/cpu/armv7/zynq/built-in.o
 .text.zynq_clk_pll_get_rate
                0x1fc00b74        0x8 arch/arm/cpu/armv7/zynq/built-in.o
 .text.zynq_clk_periph_set_rate
                0x1fc00b7c      0x11c arch/arm/cpu/armv7/zynq/built-in.o
 .text.zynq_clk_register_periph_clk
                0x1fc00c98       0x5c arch/arm/cpu/armv7/zynq/built-in.o
 .text.zynq_clk_early_init
                0x1fc00cf4       0x58 arch/arm/cpu/armv7/zynq/built-in.o
                0x1fc00cf4                zynq_clk_early_init
 .text.get_uart_clk
                0x1fc00d4c       0x50 arch/arm/cpu/armv7/zynq/built-in.o
                0x1fc00d4c                get_uart_clk
 .text.set_cpu_clk_info
                0x1fc00d9c      0x618 arch/arm/cpu/armv7/zynq/built-in.o
                0x1fc00d9c                set_cpu_clk_info
 .text.zynq_clk_get_rate
                0x1fc013b4       0x20 arch/arm/cpu/armv7/zynq/built-in.o
                0x1fc013b4                zynq_clk_get_rate
 .text.zynq_clk_set_rate
                0x1fc013d4       0x40 arch/arm/cpu/armv7/zynq/built-in.o
                0x1fc013d4                zynq_clk_set_rate
 .text.soc_clk_dump
                0x1fc01414       0x50 arch/arm/cpu/armv7/zynq/built-in.o
                0x1fc01414                soc_clk_dump
 .text          0x1fc01464       0xe8 arch/arm/lib/built-in.o
                0x1fc01464                _main
                0x1fc014e8                relocate_code
 .text.arch_fixup_memory_node
                0x1fc0154c        0x8 arch/arm/lib/built-in.o
                0x1fc0154c                arch_fixup_memory_node
 .text.boot_jump_linux
                0x1fc01554       0xb8 arch/arm/lib/built-in.o
 .text.boot_prep_linux
                0x1fc0160c       0x40 arch/arm/lib/built-in.o
 .text.arch_lmb_reserve
                0x1fc0164c       0x24 arch/arm/lib/built-in.o
                0x1fc0164c                arch_lmb_reserve
 .text.do_bootm_linux
                0x1fc01670       0x60 arch/arm/lib/built-in.o
                0x1fc01670                do_bootm_linux
 .text.boot_prep_vxworks
                0x1fc016d0       0x4c arch/arm/lib/built-in.o
                0x1fc016d0                boot_prep_vxworks
 .text.boot_jump_vxworks
                0x1fc0171c       0x14 arch/arm/lib/built-in.o
                0x1fc0171c                boot_jump_vxworks
 .text.interrupt_init
                0x1fc01730       0x1c arch/arm/lib/built-in.o
                0x1fc01730                interrupt_init
 .text.enable_interrupts
                0x1fc0174c        0x4 arch/arm/lib/built-in.o
                0x1fc0174c                enable_interrupts
 .text.disable_interrupts
                0x1fc01750        0x8 arch/arm/lib/built-in.o
                0x1fc01750                disable_interrupts
 .text.bad_mode
                0x1fc01758       0x10 arch/arm/lib/built-in.o
                0x1fc01758                bad_mode
 .text.show_regs
                0x1fc01768      0x13c arch/arm/lib/built-in.o
                0x1fc01768                show_regs
 .text.do_undefined_instruction
                0x1fc018a4       0x20 arch/arm/lib/built-in.o
                0x1fc018a4                do_undefined_instruction
 .text.do_software_interrupt
                0x1fc018c4       0x20 arch/arm/lib/built-in.o
                0x1fc018c4                do_software_interrupt
 .text.do_prefetch_abort
                0x1fc018e4       0x20 arch/arm/lib/built-in.o
                0x1fc018e4                do_prefetch_abort
 .text.do_data_abort
                0x1fc01904       0x20 arch/arm/lib/built-in.o
                0x1fc01904                do_data_abort
 .text.do_not_used
                0x1fc01924       0x20 arch/arm/lib/built-in.o
                0x1fc01924                do_not_used
 .text.do_fiq   0x1fc01944       0x20 arch/arm/lib/built-in.o
                0x1fc01944                do_fiq
 .text.do_irq   0x1fc01964       0x20 arch/arm/lib/built-in.o
                0x1fc01964                do_irq
 .text.do_reset
                0x1fc01984       0x2c arch/arm/lib/built-in.o
                0x1fc01984                do_reset
 .text.cp_delay
                0x1fc019b0       0x30 arch/arm/lib/built-in.o
 .text.arm_init_domains
                0x1fc019e0        0x4 arch/arm/lib/built-in.o
                0x1fc019e0                arm_init_domains
 .text.set_section_dcache
                0x1fc019e4       0x14 arch/arm/lib/built-in.o
                0x1fc019e4                set_section_dcache
 .text.mmu_set_region_dcache_behaviour
                0x1fc019f8       0x50 arch/arm/lib/built-in.o
                0x1fc019f8                mmu_set_region_dcache_behaviour
 .text.dram_bank_mmu_setup
                0x1fc01a48       0x40 arch/arm/lib/built-in.o
                0x1fc01a48                dram_bank_mmu_setup
 .text.icache_enable
                0x1fc01a88       0x18 arch/arm/lib/built-in.o
                0x1fc01a88                icache_enable
 .text.icache_disable
                0x1fc01aa0       0x1c arch/arm/lib/built-in.o
                0x1fc01aa0                icache_disable
 .text.icache_status
                0x1fc01abc        0xc arch/arm/lib/built-in.o
                0x1fc01abc                icache_status
 .text.dcache_enable
                0x1fc01ac8       0x70 arch/arm/lib/built-in.o
                0x1fc01ac8                dcache_enable
 .text.dcache_disable
                0x1fc01b38       0x28 arch/arm/lib/built-in.o
                0x1fc01b38                dcache_disable
 .text.dcache_status
                0x1fc01b60        0xc arch/arm/lib/built-in.o
                0x1fc01b60                dcache_status
 .text.board_init
                0x1fc01b6c       0xd4 board/xilinx/zynq/built-in.o
                0x1fc01b6c                board_init
 .text.board_eth_init
                0x1fc01c40       0x14 board/xilinx/zynq/built-in.o
                0x1fc01c40                board_eth_init
 .text.board_mmc_init
                0x1fc01c54        0xc board/xilinx/zynq/built-in.o
                0x1fc01c54                board_mmc_init
 .text.dram_init
                0x1fc01c60       0x18 board/xilinx/zynq/built-in.o
                0x1fc01c60                dram_init
 .text.__show_boot_progress
                0x1fc01c78        0x4 common/built-in.o
                0x1fc01c78                __show_boot_progress
                0x1fc01c78                show_boot_progress
 .text.main_loop
                0x1fc01c7c       0x40 common/built-in.o
                0x1fc01c7c                main_loop
 .text.find_cmd_tbl
                0x1fc01cbc       0xa4 common/built-in.o
                0x1fc01cbc                find_cmd_tbl
 .text.find_cmd
                0x1fc01d60       0x28 common/built-in.o
                0x1fc01d60                find_cmd
 .text.cmd_usage
                0x1fc01d88       0x5c common/built-in.o
                0x1fc01d88                cmd_usage
 .text._do_help
                0x1fc01de4      0x184 common/built-in.o
                0x1fc01de4                _do_help
 .text.cmd_get_data_size
                0x1fc01f68       0x5c common/built-in.o
                0x1fc01f68                cmd_get_data_size
 .text.cmd_process
                0x1fc01fc4       0xe8 common/built-in.o
                0x1fc01fc4                cmd_process
 .text.dummy    0x1fc020ac        0x4 common/built-in.o
 .text.get_version
                0x1fc020b0        0x8 common/built-in.o
                0x1fc020b0                get_version
 .text.jumptable_init
                0x1fc020b8      0x1c0 common/built-in.o
                0x1fc020b8                jumptable_init
 .text.hash_finish_crc32
                0x1fc02278       0x30 common/built-in.o
 .text.hash_update_crc32
                0x1fc022a8       0x24 common/built-in.o
 .text.hash_init_crc32
                0x1fc022cc       0x24 common/built-in.o
 .text.hash_finish_sha256
                0x1fc022f0       0x38 common/built-in.o
 .text.hash_update_sha256
                0x1fc02328       0x1c common/built-in.o
 .text.hash_init_sha256
                0x1fc02344       0x24 common/built-in.o
 .text.hash_lookup_algo
                0x1fc02368       0x58 common/built-in.o
                0x1fc02368                hash_lookup_algo
 .text.hash_show
                0x1fc023c0       0x58 common/built-in.o
                0x1fc023c0                hash_show
 .text.hash_command
                0x1fc02418      0x170 common/built-in.o
                0x1fc02418                hash_command
 .text.b_reset  0x1fc02588       0x1c common/built-in.o
 .text.static_get
                0x1fc025a4       0x1c common/built-in.o
 .text.static_peek
                0x1fc025c0        0xc common/built-in.o
 .text.file_peek
                0x1fc025cc        0xc common/built-in.o
 .text.mapset   0x1fc025d8       0x20 common/built-in.o
 .text.syntax_err
                0x1fc025f8        0xc common/built-in.o
 .text.free_pipe_list
                0x1fc02604       0xf0 common/built-in.o
 .text.xmalloc  0x1fc026f4       0x20 common/built-in.o
 .text.new_pipe
                0x1fc02714       0x28 common/built-in.o
 .text.xrealloc
                0x1fc0273c       0x20 common/built-in.o
 .text.done_command
                0x1fc0275c       0x8c common/built-in.o
 .text.done_pipe
                0x1fc027e8       0x4c common/built-in.o
 .text.done_word
                0x1fc02834      0x2d8 common/built-in.o
 .text.do_showvar
                0x1fc02b0c       0xf0 common/built-in.o
 .text.is_assignment
                0x1fc02bfc       0x54 common/built-in.o
 .text.file_get
                0x1fc02c50      0x1d0 common/built-in.o
 .text.b_addchr
                0x1fc02e20       0x78 common/built-in.o
 .text.b_addqchr
                0x1fc02e98       0x50 common/built-in.o
 .text.get_local_var
                0x1fc02ee8       0x94 common/built-in.o
                0x1fc02ee8                get_local_var
 .text.set_local_var
                0x1fc02f7c      0x1a8 common/built-in.o
                0x1fc02f7c                set_local_var
 .text.insert_var_value_sub
                0x1fc03124      0x2a8 common/built-in.o
 .text.parse_string_outer
                0x1fc033cc       0xe4 common/built-in.o
                0x1fc033cc                parse_string_outer
 .text.run_list_real
                0x1fc034b0      0x7ec common/built-in.o
 .text.parse_stream_outer
                0x1fc03c9c      0x6c4 common/built-in.o
 .text.parse_file_outer
                0x1fc04360       0x44 common/built-in.o
                0x1fc04360                parse_file_outer
 .text.u_boot_hush_start
                0x1fc043a4       0x54 common/built-in.o
                0x1fc043a4                u_boot_hush_start
 .text.run_command
                0x1fc043f8        0x8 common/built-in.o
                0x1fc043f8                run_command
 .text.run_command_list
                0x1fc04400       0x5c common/built-in.o
                0x1fc04400                run_command_list
 .text.do_run   0x1fc0445c       0x74 common/built-in.o
                0x1fc0445c                do_run
 .text.cli_loop
                0x1fc044d0        0xc common/built-in.o
                0x1fc044d0                cli_loop
 .text.cli_init
                0x1fc044dc        0x4 common/built-in.o
                0x1fc044dc                cli_init
 .text.delete_char.part.0
                0x1fc044e0       0xd0 common/built-in.o
 .text.cread_add_char
                0x1fc045b0       0xe8 common/built-in.o
 .text.cli_readline_into_buffer
                0x1fc04698      0x8fc common/built-in.o
                0x1fc04698                cli_readline_into_buffer
 .text.cli_readline
                0x1fc04f94       0x14 common/built-in.o
                0x1fc04f94                cli_readline
 .text.hex1_bin
                0x1fc04fa8       0x40 common/built-in.o
 .text.hex2_bin
                0x1fc04fe8       0x38 common/built-in.o
 .text.srec_decode
                0x1fc05020      0x254 common/built-in.o
                0x1fc05020                srec_decode
 .text.CYGACC_COMM_IF_GETC_TIMEOUT.isra.0
                0x1fc05274       0x4c common/built-in.o
 .text.xyzModem_flush
                0x1fc052c0       0x1c common/built-in.o
 .text.xyzModem_get_hdr
                0x1fc052dc      0x230 common/built-in.o
 .text.xyzModem_stream_open
                0x1fc0550c      0x248 common/built-in.o
                0x1fc0550c                xyzModem_stream_open
 .text.xyzModem_stream_read
                0x1fc05754      0x24c common/built-in.o
                0x1fc05754                xyzModem_stream_read
 .text.xyzModem_stream_close
                0x1fc059a0       0x54 common/built-in.o
                0x1fc059a0                xyzModem_stream_close
 .text.xyzModem_stream_terminate
                0x1fc059f4       0x94 common/built-in.o
                0x1fc059f4                xyzModem_stream_terminate
 .text.xyzModem_error
                0x1fc05a88       0x20 common/built-in.o
                0x1fc05a88                xyzModem_error
 .text.bootdelay_process
                0x1fc05aa8       0x50 common/built-in.o
                0x1fc05aa8                bootdelay_process
 .text.autoboot_command
                0x1fc05af8       0xd8 common/built-in.o
                0x1fc05af8                autoboot_command
 .text.print_cpuinfo
                0x1fc05bd0        0x8 common/built-in.o
 .text.trace_early_init
                0x1fc05bd8        0x8 common/built-in.o
 .text.display_text_info
                0x1fc05be0        0x8 common/built-in.o
 .text.setup_mon_len
                0x1fc05be8       0x20 common/built-in.o
 .text.reserve_round_4k
                0x1fc05c08       0x18 common/built-in.o
 .text.reserve_mmu
                0x1fc05c20       0x38 common/built-in.o
 .text.reserve_trace
                0x1fc05c58        0x8 common/built-in.o
 .text.reserve_uboot
                0x1fc05c60       0x30 common/built-in.o
 .text.reserve_malloc
                0x1fc05c90       0x14 common/built-in.o
 .text.setup_machine
                0x1fc05ca4        0x8 common/built-in.o
 .text.reserve_global_data
                0x1fc05cac       0x1c common/built-in.o
 .text.reserve_fdt
                0x1fc05cc8       0x4c common/built-in.o
 .text.reserve_stacks
                0x1fc05d14       0x34 common/built-in.o
 .text.display_new_sp
                0x1fc05d48        0x8 common/built-in.o
 .text.setup_reloc
                0x1fc05d50       0x28 common/built-in.o
 .text.reloc_fdt
                0x1fc05d78       0x30 common/built-in.o
 .text.reserve_board
                0x1fc05da8       0x30 common/built-in.o
 .text.announce_dram_init
                0x1fc05dd8       0x18 common/built-in.o
 .text.init_baud_rate
                0x1fc05df0       0x2c common/built-in.o
 .text.setup_fdt
                0x1fc05e1c       0x28 common/built-in.o
 .text.mark_bootstage
                0x1fc05e44       0x14 common/built-in.o
 .text.__coloured_LED_init
                0x1fc05e58        0x4 common/built-in.o
                0x1fc05e58                coloured_LED_init
                0x1fc05e58                __coloured_LED_init
 .text.__red_led_on
                0x1fc05e5c        0x4 common/built-in.o
                0x1fc05e5c                __red_led_on
                0x1fc05e5c                red_led_on
 .text.__board_add_ram_info
                0x1fc05e60        0x4 common/built-in.o
                0x1fc05e60                __board_add_ram_info
                0x1fc05e60                board_add_ram_info
 .text.show_dram_config
                0x1fc05e64       0x34 common/built-in.o
 .text.__dram_init_banksize
                0x1fc05e98       0x20 common/built-in.o
                0x1fc05e98                __dram_init_banksize
                0x1fc05e98                dram_init_banksize
 .text.setup_dram_config
                0x1fc05eb8       0x10 common/built-in.o
 .text.board_get_usable_ram_top
                0x1fc05ec8        0x8 common/built-in.o
                0x1fc05ec8                board_get_usable_ram_top
 .text.setup_dest_addr
                0x1fc05ed0       0x40 common/built-in.o
 .text.board_init_f
                0x1fc05f10       0x4c common/built-in.o
                0x1fc05f10                board_init_f
 .text.bootstage_relocate
                0x1fc05f5c        0x8 common/built-in.o
 .text.initr_trace
                0x1fc05f64        0x8 common/built-in.o
 .text.initr_reloc_global_data
                0x1fc05f6c       0x28 common/built-in.o
 .text.initr_barrier
                0x1fc05f94        0x8 common/built-in.o
 .text.power_init_board
                0x1fc05f9c        0x8 common/built-in.o
                0x1fc05f9c                power_init_board
 .text.initr_announce
                0x1fc05fa4        0x8 common/built-in.o
 .text.initr_mmc
                0x1fc05fac       0x20 common/built-in.o
                0x1fc05fac                initr_mmc
 .text.run_main_loop
                0x1fc05fcc        0xc common/built-in.o
 .text.initr_net
                0x1fc05fd8       0x20 common/built-in.o
 .text.initr_ethaddr
                0x1fc05ff8       0x20 common/built-in.o
 .text.initr_enable_interrupts
                0x1fc06018       0x10 common/built-in.o
 .text.initr_jumptable
                0x1fc06028       0x10 common/built-in.o
 .text.initr_env
                0x1fc06038       0x30 common/built-in.o
 .text.initr_malloc
                0x1fc06068       0x1c common/built-in.o
 .text.initr_serial
                0x1fc06084       0x10 common/built-in.o
 .text.initr_caches
                0x1fc06094       0x10 common/built-in.o
 .text.initr_reloc
                0x1fc060a4       0x20 common/built-in.o
 .text.__cpu_secondary_init_r
                0x1fc060c4        0x4 common/built-in.o
                0x1fc060c4                cpu_secondary_init_r
                0x1fc060c4                __cpu_secondary_init_r
 .text.initr_secondary_cpu
                0x1fc060c8       0x10 common/built-in.o
 .text.board_init_r
                0x1fc060d8       0x18 common/built-in.o
                0x1fc060d8                board_init_r
 .text.do_go_exec
                0x1fc060f0       0x18 common/built-in.o
                0x1fc060f0                do_go_exec
 .text.do_go    0x1fc06108       0x70 common/built-in.o
 .text.do_bootm
                0x1fc06178      0x100 common/built-in.o
                0x1fc06178                do_bootm
 .text.do_bootd
                0x1fc06278       0x20 common/built-in.o
                0x1fc06278                do_bootd
 .text.image_info
                0x1fc06298      0x128 common/built-in.o
 .text.do_iminfo
                0x1fc063c0       0x60 common/built-in.o
 .text.bootm_maybe_autostart
                0x1fc06420       0x78 common/built-in.o
                0x1fc06420                bootm_maybe_autostart
 .text.bootm_find_ramdisk_fdt
                0x1fc06498       0xa8 common/built-in.o
                0x1fc06498                bootm_find_ramdisk_fdt
 .text.bootm_disable_interrupts
                0x1fc06540       0x28 common/built-in.o
                0x1fc06540                bootm_disable_interrupts
 .text.do_bootm_states
                0x1fc06568      0x944 common/built-in.o
                0x1fc06568                do_bootm_states
 .text.copy_args
                0x1fc06eac       0x50 common/built-in.o
 .text.do_bootm_rtems
                0x1fc06efc       0x70 common/built-in.o
 .text.do_bootm_plan9
                0x1fc06f6c       0xd4 common/built-in.o
 .text.do_bootm_standalone
                0x1fc07040       0x64 common/built-in.o
 .text.do_bootm_netbsd
                0x1fc070a4      0x128 common/built-in.o
 .text.do_bootvx_fdt
                0x1fc071cc      0x10c common/built-in.o
                0x1fc071cc                do_bootvx_fdt
 .text.do_bootm_vxworks
                0x1fc072d8       0x54 common/built-in.o
 .text.__arch_preboot_os
                0x1fc0732c        0x4 common/built-in.o
                0x1fc0732c                arch_preboot_os
 .text.boot_selected_os
                0x1fc07330       0x5c common/built-in.o
                0x1fc07330                boot_selected_os
 .text.bootm_os_get_boot_func
                0x1fc0738c       0x10 common/built-in.o
                0x1fc0738c                bootm_os_get_boot_func
 .text.do_help  0x1fc0739c       0x48 common/built-in.o
 .text.do_version
                0x1fc073e4       0x38 common/built-in.o
 .text.env_attr_walk
                0x1fc0741c      0x110 common/built-in.o
                0x1fc0741c                env_attr_walk
 .text.env_attr_lookup
                0x1fc0752c      0x184 common/built-in.o
                0x1fc0752c                env_attr_lookup
 .text.clear_callback
                0x1fc076b0       0x10 common/built-in.o
 .text.find_env_callback
                0x1fc076c0       0x64 common/built-in.o
 .text.on_callbacks
                0x1fc07724       0x48 common/built-in.o
 .text.set_callback
                0x1fc0776c       0x94 common/built-in.o
 .text.env_callback_init
                0x1fc07800       0xc4 common/built-in.o
                0x1fc07800                env_callback_init
 .text.skip_num
                0x1fc078c4       0x74 common/built-in.o
 .text.clear_flags
                0x1fc07938       0x10 common/built-in.o
 .text.on_flags
                0x1fc07948       0x48 common/built-in.o
 .text.env_flags_parse_vartype
                0x1fc07990       0x50 common/built-in.o
                0x1fc07990                env_flags_parse_vartype
 .text.env_flags_parse_varaccess
                0x1fc079e0       0x58 common/built-in.o
                0x1fc079e0                env_flags_parse_varaccess
 .text.set_flags
                0x1fc07a38       0xac common/built-in.o
 .text.env_flags_init
                0x1fc07ae4       0xd8 common/built-in.o
                0x1fc07ae4                env_flags_init
 .text.env_flags_validate
                0x1fc07bbc      0x308 common/built-in.o
                0x1fc07bbc                env_flags_validate
 .text.saveenv  0x1fc07ec4       0xdc common/built-in.o
                0x1fc07ec4                saveenv
 .text.env_relocate_spec
                0x1fc07fa0       0xc8 common/built-in.o
                0x1fc07fa0                env_relocate_spec
 .text.env_init
                0x1fc08068       0x1c common/built-in.o
                0x1fc08068                env_init
 .text.source   0x1fc08084      0x1c8 common/built-in.o
                0x1fc08084                source
 .text.do_source
                0x1fc0824c       0x70 common/built-in.o
                0x1fc0824c                do_source
 .text.print_num
                0x1fc082bc       0x18 common/built-in.o
 .text.do_bdinfo
                0x1fc082d4      0x1b8 common/built-in.o
                0x1fc082d4                do_bdinfo
 .text.parse_argv
                0x1fc0848c       0x60 common/built-in.o
 .text.do_icache
                0x1fc084ec       0x88 common/built-in.o
                0x1fc084ec                do_icache
 .text.do_dcache
                0x1fc08574       0x88 common/built-in.o
                0x1fc08574                do_dcache
 .text.do_clk   0x1fc085fc       0x5c common/built-in.o
 .text.do_clk_dump
                0x1fc08658        0x4 common/built-in.o
 .text.do_coninfo
                0x1fc0865c       0xbc common/built-in.o
 .text.do_echo  0x1fc08718       0xb0 common/built-in.o
 .text.do_exit  0x1fc087c8       0x30 common/built-in.o
 .text.do_ext2ls
                0x1fc087f8       0x18 common/built-in.o
                0x1fc087f8                do_ext2ls
 .text.do_ext2load
                0x1fc08810       0x18 common/built-in.o
                0x1fc08810                do_ext2load
 .text.do_fat_fsload
                0x1fc08828       0x18 common/built-in.o
                0x1fc08828                do_fat_fsload
 .text.do_fat_ls
                0x1fc08840       0x18 common/built-in.o
 .text.do_fat_fsinfo
                0x1fc08858       0x90 common/built-in.o
 .text.do_fat_fswrite
                0x1fc088e8       0xfc common/built-in.o
 .text.fdt_valid
                0x1fc089e4       0xbc common/built-in.o
 .text.is_printable_string
                0x1fc08aa0       0x88 common/built-in.o
 .text.print_data
                0x1fc08b28      0x170 common/built-in.o
 .text.set_working_fdt_addr
                0x1fc08c98       0x1c common/built-in.o
                0x1fc08c98                set_working_fdt_addr
 .text.do_fdt   0x1fc08cb4      0xe80 common/built-in.o
 .text.get_cells_len
                0x1fc09b34       0x3c common/built-in.o
 .text.fdt_find_or_add_subnode.constprop.6
                0x1fc09b70       0x6c common/built-in.o
 .text.fdt_find_and_setprop
                0x1fc09bdc       0x70 common/built-in.o
                0x1fc09bdc                fdt_find_and_setprop
 .text.fdt_initrd
                0x1fc09c4c      0x1cc common/built-in.o
                0x1fc09c4c                fdt_initrd
 .text.fdt_chosen
                0x1fc09e18       0xa4 common/built-in.o
                0x1fc09e18                fdt_chosen
 .text.do_fixup_by_path
                0x1fc09ebc       0x54 common/built-in.o
                0x1fc09ebc                do_fixup_by_path
 .text.fdt_fixup_memory_banks
                0x1fc09f10      0x190 common/built-in.o
                0x1fc09f10                fdt_fixup_memory_banks
 .text.fdt_fixup_memory
                0x1fc0a0a0       0x24 common/built-in.o
                0x1fc0a0a0                fdt_fixup_memory
 .text.fdt_fixup_ethernet
                0x1fc0a0c4      0x158 common/built-in.o
                0x1fc0a0c4                fdt_fixup_ethernet
 .text.fdt_resize
                0x1fc0a21c       0xd0 common/built-in.o
                0x1fc0a21c                fdt_resize
 .text.do_fpga  0x1fc0a2ec      0x2a0 common/built-in.o
                0x1fc0a2ec                do_fpga
 .text.evalexp  0x1fc0a58c       0x74 common/built-in.o
 .text.evalstr  0x1fc0a600       0x6c common/built-in.o
 .text.binary_test
                0x1fc0a66c      0x1b4 common/built-in.o
 .text.do_itest
                0x1fc0a820       0x98 common/built-in.o
 .text.bin_data_init
                0x1fc0a8b8       0x2c common/built-in.o
 .text.k_data_save
                0x1fc0a8e4       0x4c common/built-in.o
 .text.k_data_restore
                0x1fc0a930       0x4c common/built-in.o
 .text.write_record
                0x1fc0a97c       0x2c common/built-in.o
 .text.do_save_serial
                0x1fc0a9a8      0x190 common/built-in.o
                0x1fc0a9a8                do_save_serial
 .text.getcxmodem
                0x1fc0ab38       0x20 common/built-in.o
 .text.load_serial_ymodem
                0x1fc0ab58       0xcc common/built-in.o
 .text.bin_data_char
                0x1fc0ac24       0x2c common/built-in.o
 .text.chk1.constprop.1
                0x1fc0ac50       0x2c common/built-in.o
 .text.s1_sendpacket.constprop.2
                0x1fc0ac7c       0x50 common/built-in.o
 .text.load_serial
                0x1fc0accc      0x1f8 common/built-in.o
 .text.do_load_serial
                0x1fc0aec4       0xdc common/built-in.o
 .text.do_load_serial_bin
                0x1fc0afa0      0x790 common/built-in.o
 .text.do_mem_mw
                0x1fc0b730       0xc0 common/built-in.o
 .text.do_mem_loop
                0x1fc0b7f0      0x104 common/built-in.o
 .text.do_mem_md
                0x1fc0b8f4       0xe8 common/built-in.o
 .text.do_mem_cmp
                0x1fc0b9dc      0x168 common/built-in.o
 .text.do_mem_base
                0x1fc0bb44       0x40 common/built-in.o
 .text.do_mem_cp
                0x1fc0bb84       0xd8 common/built-in.o
 .text.do_mem_crc
                0x1fc0bc5c       0x4c common/built-in.o
 .text.mod_mem.isra.2
                0x1fc0bca8      0x168 common/built-in.o
 .text.do_mem_mm
                0x1fc0be10        0x8 common/built-in.o
 .text.do_mem_nm
                0x1fc0be18        0x8 common/built-in.o
 .text.legacy_miiphy_read
                0x1fc0be20       0x34 common/built-in.o
 .text.legacy_miiphy_write
                0x1fc0be54       0x24 common/built-in.o
 .text.miiphy_get_dev_by_name
                0x1fc0be78       0x5c common/built-in.o
                0x1fc0be78                miiphy_get_dev_by_name
 .text.miiphy_init
                0x1fc0bed4       0x24 common/built-in.o
                0x1fc0bed4                miiphy_init
 .text.mdio_alloc
                0x1fc0bef8       0x30 common/built-in.o
                0x1fc0bef8                mdio_alloc
 .text.miiphy_register
                0x1fc0bf28      0x108 common/built-in.o
                0x1fc0bf28                miiphy_register
 .text.do_sleep
                0x1fc0c030       0x70 common/built-in.o
 .text.do_mmcops
                0x1fc0c0a0       0xb4 common/built-in.o
 .text.init_mmc_device
                0x1fc0c154       0x54 common/built-in.o
 .text.do_mmc_rescan
                0x1fc0c1a8       0x24 common/built-in.o
 .text.do_mmc_list
                0x1fc0c1cc       0x14 common/built-in.o
 .text.do_mmc_dev
                0x1fc0c1e0      0x134 common/built-in.o
 .text.do_mmc_part
                0x1fc0c314       0x5c common/built-in.o
 .text.do_mmc_erase
                0x1fc0c370       0xe8 common/built-in.o
 .text.do_mmc_write
                0x1fc0c458      0x100 common/built-in.o
 .text.do_mmc_read
                0x1fc0c558       0xec common/built-in.o
 .text.do_mmcinfo
                0x1fc0c644      0x170 common/built-in.o
 .text.do_mmc_setdsr
                0x1fc0c7b4       0xb0 common/built-in.o
 .text.netboot_common
                0x1fc0c864      0x274 common/built-in.o
 .text.do_bootp
                0x1fc0cad8        0xc common/built-in.o
 .text.do_dhcp  0x1fc0cae4        0xc common/built-in.o
 .text.do_nfs   0x1fc0caf0        0xc common/built-in.o
 .text.do_tftpb
                0x1fc0cafc       0x40 common/built-in.o
                0x1fc0cafc                do_tftpb
 .text.do_ping  0x1fc0cb3c       0x74 common/built-in.o
 .text.bytes_per_second
                0x1fc0cbb0       0x50 common/built-in.o
 .text.do_spi_flash
                0x1fc0cc00      0x750 common/built-in.o
 .text.do_spi   0x1fc0d350      0x264 common/built-in.o
                0x1fc0d350                do_spi
 .text.do_false
                0x1fc0d5b4        0x8 common/built-in.o
 .text.do_true  0x1fc0d5bc        0x8 common/built-in.o
 .text.do_test  0x1fc0d5c4      0x350 common/built-in.o
 .text.do_imgextract
                0x1fc0d914      0x3ac common/built-in.o
 .text.do_env_delete
                0x1fc0dcc0       0xa4 common/built-in.o
 .text.do_env_save
                0x1fc0dd64       0x2c common/built-in.o
 .text.do_env   0x1fc0dd90       0x5c common/built-in.o
 .text.env_print
                0x1fc0ddec       0xc0 common/built-in.o
 .text.do_env_print
                0x1fc0deac       0xc8 common/built-in.o
 .text.do_env_import
                0x1fc0df74      0x25c common/built-in.o
 .text.do_env_default
                0x1fc0e1d0       0xb8 common/built-in.o
 .text._do_env_set.isra.1
                0x1fc0e288      0x1c4 common/built-in.o
 .text.do_env_set
                0x1fc0e44c       0x1c common/built-in.o
 .text.do_env_ask
                0x1fc0e468      0x164 common/built-in.o
                0x1fc0e468                do_env_ask
 .text.get_env_id
                0x1fc0e5cc       0x10 common/built-in.o
                0x1fc0e5cc                get_env_id
 .text.setenv   0x1fc0e5dc       0x58 common/built-in.o
                0x1fc0e5dc                setenv
 .text.setenv_ulong
                0x1fc0e634       0x20 common/built-in.o
                0x1fc0e634                setenv_ulong
 .text.setenv_hex
                0x1fc0e654       0x34 common/built-in.o
                0x1fc0e654                setenv_hex
 .text.do_env_export
                0x1fc0e688      0x274 common/built-in.o
 .text.envmatch
                0x1fc0e8fc       0x70 common/built-in.o
                0x1fc0e8fc                envmatch
 .text.getenv_f
                0x1fc0e96c       0xc8 common/built-in.o
                0x1fc0e96c                getenv_f
 .text.getenv   0x1fc0ea34       0x78 common/built-in.o
                0x1fc0ea34                getenv
 .text.getenv_hex
                0x1fc0eaac       0x3c common/built-in.o
                0x1fc0eaac                getenv_hex
 .text.getenv_ulong
                0x1fc0eae8       0x30 common/built-in.o
                0x1fc0eae8                getenv_ulong
 .text.do_env_edit
                0x1fc0eb18       0x74 common/built-in.o
 .text.__env_get_char_spec
                0x1fc0eb8c        0xc common/built-in.o
                0x1fc0eb8c                env_get_char_spec
 .text.env_get_addr
                0x1fc0eb98       0x20 common/built-in.o
                0x1fc0eb98                env_get_addr
 .text.env_get_char_memory
                0x1fc0ebb8       0x10 common/built-in.o
                0x1fc0ebb8                env_get_char_memory
 .text.env_get_char
                0x1fc0ebc8       0x30 common/built-in.o
                0x1fc0ebc8                env_get_char
 .text.getenv_yesno
                0x1fc0ebf8       0x48 common/built-in.o
                0x1fc0ebf8                getenv_yesno
 .text.getenv_default
                0x1fc0ec40       0x30 common/built-in.o
                0x1fc0ec40                getenv_default
 .text.set_default_env
                0x1fc0ec70       0xbc common/built-in.o
                0x1fc0ec70                set_default_env
 .text.set_default_vars
                0x1fc0ed2c       0x34 common/built-in.o
                0x1fc0ed2c                set_default_vars
 .text.env_import
                0x1fc0ed60       0xe0 common/built-in.o
                0x1fc0ed60                env_import
 .text.env_export
                0x1fc0ee40       0xa4 common/built-in.o
                0x1fc0ee40                env_export
 .text.env_relocate
                0x1fc0eee4       0x30 common/built-in.o
                0x1fc0eee4                env_relocate
 .text.console_setfile
                0x1fc0ef14       0xa0 common/built-in.o
 .text.serial_printf
                0x1fc0efb4       0x4c common/built-in.o
                0x1fc0efb4                serial_printf
 .text.fgetc    0x1fc0f000       0x2c common/built-in.o
                0x1fc0f000                fgetc
 .text.ftstc    0x1fc0f02c       0x2c common/built-in.o
                0x1fc0f02c                ftstc
 .text.fputc    0x1fc0f058       0x28 common/built-in.o
                0x1fc0f058                fputc
 .text.getc     0x1fc0f080       0x24 common/built-in.o
                0x1fc0f080                getc
 .text.tstc     0x1fc0f0a4       0x24 common/built-in.o
                0x1fc0f0a4                tstc
 .text.putc     0x1fc0f0c8       0x28 common/built-in.o
                0x1fc0f0c8                putc
 .text.puts     0x1fc0f0f0       0x3c common/built-in.o
                0x1fc0f0f0                puts
 .text.printf   0x1fc0f12c       0x58 common/built-in.o
                0x1fc0f12c                printf
 .text.vprintf  0x1fc0f184       0x48 common/built-in.o
                0x1fc0f184                vprintf
 .text.ctrlc    0x1fc0f1cc       0x58 common/built-in.o
                0x1fc0f1cc                ctrlc
 .text.had_ctrlc
                0x1fc0f224       0x10 common/built-in.o
                0x1fc0f224                had_ctrlc
 .text.clear_ctrlc
                0x1fc0f234       0x14 common/built-in.o
                0x1fc0f234                clear_ctrlc
 .text.search_device
                0x1fc0f248       0x28 common/built-in.o
                0x1fc0f248                search_device
 .text.console_assign
                0x1fc0f270       0x44 common/built-in.o
                0x1fc0f270                console_assign
 .text.on_console
                0x1fc0f2b4       0xb8 common/built-in.o
 .text.console_init_f
                0x1fc0f36c       0x10 common/built-in.o
                0x1fc0f36c                console_init_f
 .text.stdio_print_current_devices
                0x1fc0f37c       0xb0 common/built-in.o
                0x1fc0f37c                stdio_print_current_devices
 .text.console_init_r
                0x1fc0f42c      0x154 common/built-in.o
                0x1fc0f42c                console_init_r
 .text.sbrk     0x1fc0f580       0x70 common/built-in.o
                0x1fc0f580                sbrk
 .text.mem_malloc_init
                0x1fc0f5f0       0x34 common/built-in.o
                0x1fc0f5f0                mem_malloc_init
 .text.malloc_trim
                0x1fc0f624       0xcc common/built-in.o
                0x1fc0f624                malloc_trim
 .text.free     0x1fc0f6f0      0x230 common/built-in.o
                0x1fc0f6f0                free
 .text.malloc   0x1fc0f920      0x5dc common/built-in.o
                0x1fc0f920                malloc
 .text.calloc   0x1fc0fefc       0xdc common/built-in.o
                0x1fc0fefc                calloc
 .text.realloc  0x1fc0ffd8      0x4c0 common/built-in.o
                0x1fc0ffd8                realloc
 .text.memalign
                0x1fc10498      0x10c common/built-in.o
                0x1fc10498                memalign
 .text.on_loadaddr
                0x1fc105a4       0x38 common/built-in.o
 .text.image_check_hcrc
                0x1fc105dc       0x4c common/built-in.o
                0x1fc105dc                image_check_hcrc
 .text.image_check_dcrc
                0x1fc10628       0x38 common/built-in.o
                0x1fc10628                image_check_dcrc
 .text.image_multi_count
                0x1fc10660       0x1c common/built-in.o
                0x1fc10660                image_multi_count
 .text.image_multi_getimg
                0x1fc1067c       0x80 common/built-in.o
                0x1fc1067c                image_multi_getimg
 .text.getenv_bootm_low
                0x1fc106fc       0x28 common/built-in.o
                0x1fc106fc                getenv_bootm_low
 .text.getenv_bootm_size
                0x1fc10724       0x5c common/built-in.o
                0x1fc10724                getenv_bootm_size
 .text.getenv_bootm_mapsize
                0x1fc10780       0x30 common/built-in.o
                0x1fc10780                getenv_bootm_mapsize
 .text.memmove_wd
                0x1fc107b0        0xc common/built-in.o
                0x1fc107b0                memmove_wd
 .text.genimg_print_size
                0x1fc107bc       0x30 common/built-in.o
                0x1fc107bc                genimg_print_size
 .text.get_table_entry_name
                0x1fc107ec       0x2c common/built-in.o
                0x1fc107ec                get_table_entry_name
 .text.genimg_get_os_name
                0x1fc10818       0x18 common/built-in.o
                0x1fc10818                genimg_get_os_name
 .text.genimg_get_arch_name
                0x1fc10830       0x18 common/built-in.o
                0x1fc10830                genimg_get_arch_name
 .text.genimg_get_type_name
                0x1fc10848       0x18 common/built-in.o
                0x1fc10848                genimg_get_type_name
 .text.genimg_get_comp_name
                0x1fc10860       0x18 common/built-in.o
                0x1fc10860                genimg_get_comp_name
 .text.image_print_contents
                0x1fc10878      0x16c common/built-in.o
                0x1fc10878                image_print_contents
 .text.get_table_entry_id
                0x1fc109e4       0x50 common/built-in.o
                0x1fc109e4                get_table_entry_id
 .text.genimg_get_os_id
                0x1fc10a34       0x18 common/built-in.o
                0x1fc10a34                genimg_get_os_id
 .text.genimg_get_arch_id
                0x1fc10a4c       0x18 common/built-in.o
                0x1fc10a4c                genimg_get_arch_id
 .text.genimg_get_type_id
                0x1fc10a64       0x18 common/built-in.o
                0x1fc10a64                genimg_get_type_id
 .text.genimg_get_comp_id
                0x1fc10a7c       0x18 common/built-in.o
                0x1fc10a7c                genimg_get_comp_id
 .text.genimg_get_format
                0x1fc10a94       0x38 common/built-in.o
                0x1fc10a94                genimg_get_format
 .text.genimg_get_image
                0x1fc10acc        0x4 common/built-in.o
                0x1fc10acc                genimg_get_image
 .text.genimg_has_config
                0x1fc10ad0       0x10 common/built-in.o
                0x1fc10ad0                genimg_has_config
 .text.boot_get_ramdisk
                0x1fc10ae0      0x33c common/built-in.o
                0x1fc10ae0                boot_get_ramdisk
 .text.boot_ramdisk_high
                0x1fc10e1c      0x128 common/built-in.o
                0x1fc10e1c                boot_ramdisk_high
 .text.image_setup_linux
                0x1fc10f44       0x8c common/built-in.o
                0x1fc10f44                image_setup_linux
 .text.fdt_error
                0x1fc10fd0       0x2c common/built-in.o
 .text.boot_fdt_add_mem_rsv_regions
                0x1fc10ffc       0x88 common/built-in.o
                0x1fc10ffc                boot_fdt_add_mem_rsv_regions
 .text.boot_relocate_fdt
                0x1fc11084      0x194 common/built-in.o
                0x1fc11084                boot_relocate_fdt
 .text.boot_get_fdt
                0x1fc11218      0x384 common/built-in.o
                0x1fc11218                boot_get_fdt
 .text.ft_verify_fdt
                0x1fc1159c        0x8 common/built-in.o
                0x1fc1159c                ft_verify_fdt
 .text.image_setup_libfdt
                0x1fc115a4       0xd0 common/built-in.o
                0x1fc115a4                image_setup_libfdt
 .text.fit_parse_conf
                0x1fc11674       0x64 common/built-in.o
                0x1fc11674                fit_parse_conf
 .text.fit_parse_subimage
                0x1fc116d8       0x64 common/built-in.o
                0x1fc116d8                fit_parse_subimage
 .text.fit_get_desc
                0x1fc1173c       0x30 common/built-in.o
                0x1fc1173c                fit_get_desc
 .text.fit_image_get_node
                0x1fc1176c       0x30 common/built-in.o
                0x1fc1176c                fit_image_get_node
 .text.fit_image_get_os
                0x1fc1179c       0x3c common/built-in.o
                0x1fc1179c                fit_image_get_os
 .text.fit_image_get_arch
                0x1fc117d8       0x3c common/built-in.o
                0x1fc117d8                fit_image_get_arch
 .text.fit_image_get_type
                0x1fc11814       0x3c common/built-in.o
                0x1fc11814                fit_image_get_type
 .text.fit_image_get_comp
                0x1fc11850       0x3c common/built-in.o
                0x1fc11850                fit_image_get_comp
 .text.fit_image_get_load
                0x1fc1188c       0x38 common/built-in.o
                0x1fc1188c                fit_image_get_load
 .text.fit_image_get_entry
                0x1fc118c4       0x38 common/built-in.o
                0x1fc118c4                fit_image_get_entry
 .text.fit_image_get_data
                0x1fc118fc       0x40 common/built-in.o
                0x1fc118fc                fit_image_get_data
 .text.fit_image_hash_get_algo
                0x1fc1193c       0x30 common/built-in.o
                0x1fc1193c                fit_image_hash_get_algo
 .text.fit_image_hash_get_value
                0x1fc1196c       0x40 common/built-in.o
                0x1fc1196c                fit_image_hash_get_value
 .text.fit_image_print_data
                0x1fc119ac      0x140 common/built-in.o
 .text.fit_image_print
                0x1fc11aec      0x324 common/built-in.o
                0x1fc11aec                fit_image_print
 .text.calculate_hash
                0x1fc11e10       0xfc common/built-in.o
                0x1fc11e10                calculate_hash
 .text.fit_image_verify
                0x1fc11f0c      0x218 common/built-in.o
                0x1fc11f0c                fit_image_verify
 .text.fit_all_image_verify
                0x1fc12124       0xe4 common/built-in.o
                0x1fc12124                fit_all_image_verify
 .text.fit_image_check_os
                0x1fc12208       0x34 common/built-in.o
                0x1fc12208                fit_image_check_os
 .text.fit_image_check_arch
                0x1fc1223c       0x34 common/built-in.o
                0x1fc1223c                fit_image_check_arch
 .text.fit_image_check_type
                0x1fc12270       0x34 common/built-in.o
                0x1fc12270                fit_image_check_type
 .text.fit_image_check_comp
                0x1fc122a4       0x34 common/built-in.o
                0x1fc122a4                fit_image_check_comp
 .text.fit_check_format
                0x1fc122d8       0x40 common/built-in.o
                0x1fc122d8                fit_check_format
 .text.fit_conf_get_node
                0x1fc12318       0x68 common/built-in.o
                0x1fc12318                fit_conf_get_node
 .text.fit_conf_get_prop_node
                0x1fc12380       0x2c common/built-in.o
                0x1fc12380                fit_conf_get_prop_node
 .text.fit_conf_print
                0x1fc123ac      0x108 common/built-in.o
                0x1fc123ac                fit_conf_print
 .text.fit_print_contents
                0x1fc124b4      0x1e4 common/built-in.o
                0x1fc124b4                fit_print_contents
 .text.fit_image_select
                0x1fc12698       0x6c common/built-in.o
                0x1fc12698                fit_image_select
 .text.fit_get_node_from_config
                0x1fc12704       0x44 common/built-in.o
                0x1fc12704                fit_get_node_from_config
 .text.fit_image_load
                0x1fc12748      0x4a0 common/built-in.o
                0x1fc12748                fit_image_load
 .text.get_effective_memsize
                0x1fc12be8        0x8 common/built-in.o
                0x1fc12be8                get_effective_memsize
 .text.stdio_get_list
                0x1fc12bf0        0xc common/built-in.o
                0x1fc12bf0                stdio_get_list
 .text.stdio_get_by_name
                0x1fc12bfc       0x4c common/built-in.o
                0x1fc12bfc                stdio_get_by_name
 .text.stdio_clone
                0x1fc12c48       0x40 common/built-in.o
                0x1fc12c48                stdio_clone
 .text.stdio_register
                0x1fc12c88       0x3c common/built-in.o
                0x1fc12c88                stdio_register
 .text.stdio_init
                0x1fc12cc4       0x90 common/built-in.o
                0x1fc12cc4                stdio_init
 .text.get_dev_hwpart
                0x1fc12d54       0xa4 disk/built-in.o
                0x1fc12d54                get_dev_hwpart
 .text.dev_print
                0x1fc12df8      0x218 disk/built-in.o
                0x1fc12df8                dev_print
 .text.init_part
                0x1fc13010       0x20 disk/built-in.o
                0x1fc13010                init_part
 .text.print_part
                0x1fc13030       0xf8 disk/built-in.o
                0x1fc13030                print_part
 .text.get_partition_info
                0x1fc13128       0x28 disk/built-in.o
                0x1fc13128                get_partition_info
 .text.get_device
                0x1fc13150      0x118 disk/built-in.o
                0x1fc13150                get_device
 .text.get_device_and_partition
                0x1fc13268      0x458 disk/built-in.o
                0x1fc13268                get_device_and_partition
 .text.test_block_type
                0x1fc136c0       0x7c disk/built-in.o
 .text.print_partition_extended
                0x1fc1373c      0x25c disk/built-in.o
 .text.get_partition_info_extended.constprop.2
                0x1fc13998      0x2e8 disk/built-in.o
 .text.test_part_dos
                0x1fc13c80       0x60 disk/built-in.o
                0x1fc13c80                test_part_dos
 .text.print_part_dos
                0x1fc13ce0       0x34 disk/built-in.o
                0x1fc13ce0                print_part_dos
 .text.get_partition_info_dos
                0x1fc13d14       0x20 disk/built-in.o
                0x1fc13d14                get_partition_info_dos
 .text.fpga_no_sup
                0x1fc13d34       0x4c drivers/built-in.o
 .text.fpga_get_desc
                0x1fc13d80       0x34 drivers/built-in.o
                0x1fc13d80                fpga_get_desc
 .text.fpga_dev_info
                0x1fc13db4       0x9c drivers/built-in.o
 .text.fpga_validate
                0x1fc13e50       0x54 drivers/built-in.o
                0x1fc13e50                fpga_validate
 .text.fpga_init
                0x1fc13ea4       0x20 drivers/built-in.o
                0x1fc13ea4                fpga_init
 .text.fpga_count
                0x1fc13ec4       0x10 drivers/built-in.o
                0x1fc13ec4                fpga_count
 .text.fpga_add
                0x1fc13ed4       0xa0 drivers/built-in.o
                0x1fc13ed4                fpga_add
 .text.fpga_loadbitstream
                0x1fc13f74      0x274 drivers/built-in.o
                0x1fc13f8c                fpga_loadbitstream
 .text.fpga_load
                0x1fc141e8       0x94 drivers/built-in.o
                0x1fc141e8                fpga_load
 .text.fpga_dump
                0x1fc1427c       0x8c drivers/built-in.o
                0x1fc1427c                fpga_dump
 .text.fpga_info
                0x1fc14308       0x74 drivers/built-in.o
                0x1fc14308                fpga_info
 .text.zynq_info
                0x1fc1437c        0x8 drivers/built-in.o
 .text.zynq_dump
                0x1fc14384        0x8 drivers/built-in.o
 .text.load_word
                0x1fc1438c       0x48 drivers/built-in.o
 .text.zynq_load
                0x1fc143d4      0x3f0 drivers/built-in.o
 .text.xilinx_validate
                0x1fc147c4       0x78 drivers/built-in.o
 .text.xilinx_load
                0x1fc1483c       0x80 drivers/built-in.o
                0x1fc1483c                xilinx_load
 .text.xilinx_dump
                0x1fc148bc       0x78 drivers/built-in.o
                0x1fc148bc                xilinx_dump
 .text.xilinx_info
                0x1fc14934      0x1c8 drivers/built-in.o
                0x1fc14934                xilinx_info
 .text.mmc_set_ios
                0x1fc14afc       0x20 drivers/mmc/built-in.o
 .text.mmc_set_capacity
                0x1fc14b1c       0xac drivers/mmc/built-in.o
 .text.board_mmc_getwp
                0x1fc14bc8        0x8 drivers/mmc/built-in.o
                0x1fc14bc8                board_mmc_getwp
 .text.mmc_getwp
                0x1fc14bd0       0x3c drivers/mmc/built-in.o
                0x1fc14bd0                mmc_getwp
 .text.__board_mmc_getcd
                0x1fc14c0c        0x8 drivers/mmc/built-in.o
                0x1fc14c0c                __board_mmc_getcd
                0x1fc14c0c                board_mmc_getcd
 .text.mmc_send_cmd
                0x1fc14c14       0x18 drivers/mmc/built-in.o
                0x1fc14c14                mmc_send_cmd
 .text.mmc_go_idle
                0x1fc14c2c       0x4c drivers/mmc/built-in.o
 .text.mmc_send_op_cond_iter
                0x1fc14c78       0x84 drivers/mmc/built-in.o
 .text.mmc_send_ext_csd
                0x1fc14cfc       0x4c drivers/mmc/built-in.o
 .text.mmc_send_status
                0x1fc14d48       0xcc drivers/mmc/built-in.o
                0x1fc14d48                mmc_send_status
 .text.mmc_switch.isra.1
                0x1fc14e14       0x54 drivers/mmc/built-in.o
 .text.mmc_set_blocklen
                0x1fc14e68       0x3c drivers/mmc/built-in.o
                0x1fc14e68                mmc_set_blocklen
 .text.find_mmc_device
                0x1fc14ea4       0x4c drivers/mmc/built-in.o
                0x1fc14ea4                find_mmc_device
 .text.mmc_bread
                0x1fc14ef0      0x13c drivers/mmc/built-in.o
 .text.mmc_send_op_cond
                0x1fc1502c       0x74 drivers/mmc/built-in.o
                0x1fc1502c                mmc_send_op_cond
 .text.mmc_complete_op_cond
                0x1fc150a0       0x8c drivers/mmc/built-in.o
                0x1fc150a0                mmc_complete_op_cond
 .text.mmc_switch_part
                0x1fc1512c       0x4c drivers/mmc/built-in.o
                0x1fc1512c                mmc_switch_part
 .text.mmc_select_hwpart
                0x1fc15178       0x6c drivers/mmc/built-in.o
                0x1fc15178                mmc_select_hwpart
 .text.mmc_getcd
                0x1fc151e4       0x3c drivers/mmc/built-in.o
                0x1fc151e4                mmc_getcd
 .text.mmc_set_clock
                0x1fc15220       0x24 drivers/mmc/built-in.o
                0x1fc15220                mmc_set_clock
 .text.mmc_startup
                0x1fc15244      0xb88 drivers/mmc/built-in.o
 .text.mmc_create
                0x1fc15dcc       0xfc drivers/mmc/built-in.o
                0x1fc15dcc                mmc_create
 .text.mmc_start_init
                0x1fc15ec8      0x224 drivers/mmc/built-in.o
                0x1fc15ec8                mmc_start_init
 .text.mmc_init
                0x1fc160ec       0x8c drivers/mmc/built-in.o
                0x1fc160ec                mmc_init
 .text.mmc_get_dev
                0x1fc16178       0x2c drivers/mmc/built-in.o
                0x1fc16178                mmc_get_dev
 .text.mmc_set_dsr
                0x1fc161a4        0xc drivers/mmc/built-in.o
                0x1fc161a4                mmc_set_dsr
 .text.__def_mmc_init
                0x1fc161b0        0x8 drivers/mmc/built-in.o
                0x1fc161b0                cpu_mmc_init
 .text.print_mmc_devices
                0x1fc161b8       0x6c drivers/mmc/built-in.o
                0x1fc161b8                print_mmc_devices
 .text.get_mmc_num
                0x1fc16224       0x10 drivers/mmc/built-in.o
                0x1fc16224                get_mmc_num
 .text.mmc_initialize
                0x1fc16234       0x78 drivers/mmc/built-in.o
                0x1fc16234                mmc_initialize
 .text.sdhci_set_ios
                0x1fc162ac      0x1d4 drivers/mmc/built-in.o
                0x1fc162ac                sdhci_set_ios
 .text.sdhci_init
                0x1fc16480      0x198 drivers/mmc/built-in.o
                0x1fc16480                sdhci_init
 .text.sdhci_reset
                0x1fc16618       0x60 drivers/mmc/built-in.o
 .text.sdhci_send_command
                0x1fc16678      0x3d4 drivers/mmc/built-in.o
                0x1fc16678                sdhci_send_command
 .text.add_sdhci
                0x1fc16a4c      0x160 drivers/mmc/built-in.o
                0x1fc16a4c                add_sdhci
 .text.zynq_sdhci_init
                0x1fc16bac       0x70 drivers/mmc/built-in.o
                0x1fc16bac                zynq_sdhci_init
 .text.mmc_berase
                0x1fc16c1c      0x190 drivers/mmc/built-in.o
                0x1fc16c1c                mmc_berase
 .text.mmc_bwrite
                0x1fc16dac      0x160 drivers/mmc/built-in.o
                0x1fc16dac                mmc_bwrite
 .text.spi_flash_read_write
                0x1fc16f0c       0x84 drivers/mtd/spi/built-in.o
 .text.spi_flash_cmd_read
                0x1fc16f90       0x20 drivers/mtd/spi/built-in.o
                0x1fc16f90                spi_flash_cmd_read
 .text.spi_flash_cmd
                0x1fc16fb0       0x2c drivers/mtd/spi/built-in.o
                0x1fc16fb0                spi_flash_cmd
 .text.spi_flash_cmd_write
                0x1fc16fdc       0x20 drivers/mtd/spi/built-in.o
                0x1fc16fdc                spi_flash_cmd_write
 .text.spi_flash_set_qeb
                0x1fc16ffc       0x6c drivers/mtd/spi/built-in.o
 .text.spi_flash_probe
                0x1fc17068      0x480 drivers/mtd/spi/built-in.o
                0x1fc17068                spi_flash_probe
 .text.spi_flash_free
                0x1fc174e8       0x1c drivers/mtd/spi/built-in.o
                0x1fc174e8                spi_flash_free
 .text.spi_flash_dual_flash
                0x1fc17504       0x5c drivers/mtd/spi/built-in.o
 .text.spi_flash_cmd_wait_ready
                0x1fc17560       0xe8 drivers/mtd/spi/built-in.o
                0x1fc17560                spi_flash_cmd_wait_ready
 .text.spi_flash_write_common
                0x1fc17648       0x9c drivers/mtd/spi/built-in.o
                0x1fc17648                spi_flash_write_common
 .text.spi_flash_bank
                0x1fc176e4       0x94 drivers/mtd/spi/built-in.o
 .text.spi_flash_cmd_erase_ops
                0x1fc17778       0xe0 drivers/mtd/spi/built-in.o
                0x1fc17778                spi_flash_cmd_erase_ops
 .text.spi_flash_cmd_write_ops
                0x1fc17858       0xec drivers/mtd/spi/built-in.o
                0x1fc17858                spi_flash_cmd_write_ops
 .text.spi_flash_read_common
                0x1fc17944       0x5c drivers/mtd/spi/built-in.o
                0x1fc17944                spi_flash_read_common
 .text.spi_flash_cmd_read_status
                0x1fc179a0       0x2c drivers/mtd/spi/built-in.o
                0x1fc179a0                spi_flash_cmd_read_status
 .text.spi_flash_cmd_write_config
                0x1fc179cc       0x4c drivers/mtd/spi/built-in.o
                0x1fc179cc                spi_flash_cmd_write_config
 .text.spi_flash_cmd_read_config
                0x1fc17a18       0x2c drivers/mtd/spi/built-in.o
                0x1fc17a18                spi_flash_cmd_read_config
 .text.spi_flash_cmd_read_ops
                0x1fc17a44      0x1a0 drivers/mtd/spi/built-in.o
                0x1fc17a44                spi_flash_cmd_read_ops
 .text.nc_wait_arp_handler
                0x1fc17be4       0x14 drivers/net/built-in.o
 .text.nc_handler
                0x1fc17bf8       0x24 drivers/net/built-in.o
 .text.nc_timeout
                0x1fc17c1c       0x14 drivers/net/built-in.o
 .text.is_broadcast
                0x1fc17c30       0xa8 drivers/net/built-in.o
 .text.nc_getc  0x1fc17cd8       0x8c drivers/net/built-in.o
 .text.nc_send_packet
                0x1fc17d64      0x16c drivers/net/built-in.o
 .text.nc_putc  0x1fc17ed0       0x38 drivers/net/built-in.o
 .text.refresh_settings_from_env
                0x1fc17f08      0x130 drivers/net/built-in.o
 .text.nc_start
                0x1fc18038       0x38 drivers/net/built-in.o
 .text.nc_tstc  0x1fc18070       0x94 drivers/net/built-in.o
 .text.nc_puts  0x1fc18104       0x60 drivers/net/built-in.o
 .text.NcStart  0x1fc18164       0xdc drivers/net/built-in.o
                0x1fc18164                NcStart
 .text.nc_input_packet
                0x1fc18240       0xe0 drivers/net/built-in.o
                0x1fc18240                nc_input_packet
 .text.drv_nc_init
                0x1fc18320       0x84 drivers/net/built-in.o
                0x1fc18320                drv_nc_init
 .text.zynq_gem_setup_mac
                0x1fc183a4       0x70 drivers/net/built-in.o
 .text.zynq_gem_halt
                0x1fc18414       0x14 drivers/net/built-in.o
 .text.phy_setup_op
                0x1fc18428       0x94 drivers/net/built-in.o
 .text.zynq_gem_miiphy_write
                0x1fc184bc       0x2c drivers/net/built-in.o
 .text.zynq_gem_recv
                0x1fc184e8       0xd8 drivers/net/built-in.o
 .text.zynq_gem_send
                0x1fc185c0       0xac drivers/net/built-in.o
 .text.zynq_gem_miiphyread
                0x1fc1866c       0x24 drivers/net/built-in.o
 .text.zynq_gem_init
                0x1fc18690      0x290 drivers/net/built-in.o
 .text.zynq_gem_initialize
                0x1fc18920      0x128 drivers/net/built-in.o
                0x1fc18920                zynq_gem_initialize
 .text.genphy_shutdown
                0x1fc18a48        0x8 drivers/net/phy/built-in.o
                0x1fc18a48                genphy_shutdown
 .text.generic_ffs
                0x1fc18a50       0x50 drivers/net/phy/built-in.o
 .text.phy_device_create
                0x1fc18aa0       0xe4 drivers/net/phy/built-in.o
 .text.genphy_restart_aneg
                0x1fc18b84       0x5c drivers/net/phy/built-in.o
                0x1fc18b84                genphy_restart_aneg
 .text.genphy_config_aneg
                0x1fc18be0      0x1dc drivers/net/phy/built-in.o
                0x1fc18be0                genphy_config_aneg
 .text.genphy_config
                0x1fc18dbc       0xb4 drivers/net/phy/built-in.o
                0x1fc18dbc                genphy_config
 .text.genphy_update_link
                0x1fc18e70      0x140 drivers/net/phy/built-in.o
                0x1fc18e70                genphy_update_link
 .text.genphy_parse_link
                0x1fc18fb0      0x190 drivers/net/phy/built-in.o
                0x1fc18fb0                genphy_parse_link
 .text.genphy_startup
                0x1fc19140       0x1c drivers/net/phy/built-in.o
                0x1fc19140                genphy_startup
 .text.phy_init
                0x1fc1915c       0x10 drivers/net/phy/built-in.o
                0x1fc1915c                phy_init
 .text.phy_register
                0x1fc1916c       0x28 drivers/net/phy/built-in.o
                0x1fc1916c                phy_register
 .text.get_phy_id
                0x1fc19194       0x70 drivers/net/phy/built-in.o
                0x1fc19194                get_phy_id
 .text.get_phy_device_by_mask
                0x1fc19204      0x134 drivers/net/phy/built-in.o
 .text.phy_reset
                0x1fc19338       0xac drivers/net/phy/built-in.o
                0x1fc19338                phy_reset
 .text.phy_find_by_mask
                0x1fc193e4       0x3c drivers/net/phy/built-in.o
                0x1fc193e4                phy_find_by_mask
 .text.phy_connect_dev
                0x1fc19420       0x44 drivers/net/phy/built-in.o
                0x1fc19420                phy_connect_dev
 .text.phy_connect
                0x1fc19464       0x50 drivers/net/phy/built-in.o
                0x1fc19464                phy_connect
 .text.phy_startup
                0x1fc194b4       0x24 drivers/net/phy/built-in.o
                0x1fc194b4                phy_startup
 .text.__board_phy_config
                0x1fc194d8       0x24 drivers/net/phy/built-in.o
                0x1fc194d8                board_phy_config
 .text.phy_config
                0x1fc194fc       0x10 drivers/net/phy/built-in.o
                0x1fc194fc                phy_config
 .text.m88e1xxx_parse_status
                0x1fc1950c      0x10c drivers/net/phy/built-in.o
 .text.m88e1011s_startup
                0x1fc19618       0x1c drivers/net/phy/built-in.o
 .text.m88e1118_startup
                0x1fc19634       0x44 drivers/net/phy/built-in.o
 .text.m88e1145_startup
                0x1fc19678       0x40 drivers/net/phy/built-in.o
 .text.m88e1011s_config
                0x1fc196b8       0xf8 drivers/net/phy/built-in.o
 .text.m88e1121_config
                0x1fc197b0       0xcc drivers/net/phy/built-in.o
 .text.m88e1111s_config
                0x1fc1987c      0x324 drivers/net/phy/built-in.o
 .text.m88e1118_config
                0x1fc19ba0       0xc4 drivers/net/phy/built-in.o
 .text.m88e1145_config
                0x1fc19c64      0x10c drivers/net/phy/built-in.o
 .text.m88e1149_config
                0x1fc19d70       0xc4 drivers/net/phy/built-in.o
 .text.m88e1310_config
                0x1fc19e34      0x164 drivers/net/phy/built-in.o
 .text.phy_marvell_init
                0x1fc19f98       0x78 drivers/net/phy/built-in.o
                0x1fc19f98                phy_marvell_init
 .text.get_current
                0x1fc1a010       0x40 drivers/serial/built-in.o
 .text.serial_null
                0x1fc1a050        0x4 drivers/serial/built-in.o
                0x1fc1a050                jz_serial_initialize
                0x1fc1a050                bfin_serial_initialize
                0x1fc1a050                p3mx_serial_initialize
                0x1fc1a050                leon2_serial_initialize
                0x1fc1a050                leon3_serial_initialize
                0x1fc1a050                amirix_serial_initialize
                0x1fc1a050                marvell_serial_initialize
                0x1fc1a050                cpci750_serial_initialize
                0x1fc1a050                ns16550_serial_initialize
                0x1fc1a050                asc_serial_initialize
                0x1fc1a050                altera_serial_initialize
                0x1fc1a050                oc_serial_initialize
                0x1fc1a050                sh_serial_initialize
                0x1fc1a050                mxs_auart_initialize
                0x1fc1a050                arm_dcc_initialize
                0x1fc1a050                bmw_serial_initialize
                0x1fc1a050                arc_serial_initialize
                0x1fc1a050                mcf_serial_initialize
                0x1fc1a050                lh7a40x_serial_initialize
                0x1fc1a050                evb64260_serial_initialize
                0x1fc1a050                lpc32xx_serial_initialize
                0x1fc1a050                max3100_serial_initialize
                0x1fc1a050                mpc85xx_serial_initialize
                0x1fc1a050                imx_serial_initialize
                0x1fc1a050                bfin_jtag_initialize
                0x1fc1a050                cogent_serial_initialize
                0x1fc1a050                clps7111_serial_initialize
                0x1fc1a050                ml2_serial_initialize
                0x1fc1a050                sandbox_serial_initialize
                0x1fc1a050                s3c24xx_serial_initialize
                0x1fc1a050                sconsole_serial_initialize
                0x1fc1a050                uartlite_serial_initialize
                0x1fc1a050                au1x00_serial_initialize
                0x1fc1a050                pxa_serial_initialize
                0x1fc1a050                atmel_serial_initialize
                0x1fc1a050                pl01x_serial_initialize
                0x1fc1a050                altera_jtag_serial_initialize
                0x1fc1a050                mpc512x_serial_initialize
                0x1fc1a050                s5p_serial_initialize
                0x1fc1a050                ks8695_serial_initialize
                0x1fc1a050                sa1100_serial_initialize
                0x1fc1a050                mpc8260_scc_serial_initialize
                0x1fc1a050                mxc_serial_initialize
                0x1fc1a050                iop480_serial_initialize
                0x1fc1a050                mpc8xx_serial_initialize
                0x1fc1a050                mpc8260_smc_serial_initialize
                0x1fc1a050                mpc5xx_serial_initialize
 .text.serial_register
                0x1fc1a054       0x18 drivers/serial/built-in.o
                0x1fc1a054                serial_register
 .text.serial_stdio_init
                0x1fc1a06c       0x8c drivers/serial/built-in.o
                0x1fc1a06c                serial_stdio_init
 .text.serial_assign
                0x1fc1a0f8       0x4c drivers/serial/built-in.o
                0x1fc1a0f8                serial_assign
 .text.serial_initialize
                0x1fc1a144       0xd0 drivers/serial/built-in.o
                0x1fc1a144                serial_initialize
 .text.serial_init
                0x1fc1a214       0x14 drivers/serial/built-in.o
                0x1fc1a214                serial_init
 .text.serial_setbrg
                0x1fc1a228       0x14 drivers/serial/built-in.o
                0x1fc1a228                serial_setbrg
 .text.on_baudrate
                0x1fc1a23c       0xe8 drivers/serial/built-in.o
 .text.serial_getc
                0x1fc1a324       0x14 drivers/serial/built-in.o
                0x1fc1a324                serial_getc
 .text.serial_tstc
                0x1fc1a338       0x14 drivers/serial/built-in.o
                0x1fc1a338                serial_tstc
 .text.serial_putc
                0x1fc1a34c       0x1c drivers/serial/built-in.o
                0x1fc1a34c                serial_putc
 .text.serial_puts
                0x1fc1a368       0x1c drivers/serial/built-in.o
                0x1fc1a368                serial_puts
 .text.uart_zynq_serial_putc
                0x1fc1a384       0x40 drivers/serial/built-in.o
 .text.uart_zynq0_putc
                0x1fc1a3c4        0x8 drivers/serial/built-in.o
 .text.uart_zynq1_tstc
                0x1fc1a3cc       0x18 drivers/serial/built-in.o
 .text.uart_zynq1_putc
                0x1fc1a3e4        0x8 drivers/serial/built-in.o
 .text.uart_zynq1_puts
                0x1fc1a3ec       0x24 drivers/serial/built-in.o
 .text.uart_zynq_serial_setbrg
                0x1fc1a410       0xa8 drivers/serial/built-in.o
 .text.uart_zynq1_setbrg
                0x1fc1a4b8        0x8 drivers/serial/built-in.o
 .text.uart_zynq0_init
                0x1fc1a4c0       0x28 drivers/serial/built-in.o
 .text.uart_zynq0_setbrg
                0x1fc1a4e8        0x8 drivers/serial/built-in.o
 .text.uart_zynq1_getc
                0x1fc1a4f0       0x20 drivers/serial/built-in.o
 .text.uart_zynq0_tstc
                0x1fc1a510       0x14 drivers/serial/built-in.o
 .text.uart_zynq1_init
                0x1fc1a524       0x2c drivers/serial/built-in.o
 .text.uart_zynq0_getc
                0x1fc1a550       0x1c drivers/serial/built-in.o
 .text.uart_zynq0_puts
                0x1fc1a56c       0x24 drivers/serial/built-in.o
 .text.default_serial_console
                0x1fc1a590        0xc drivers/serial/built-in.o
                0x1fc1a590                default_serial_console
 .text.zynq_serial_initialize
                0x1fc1a59c       0x20 drivers/serial/built-in.o
                0x1fc1a59c                zynq_serial_initialize
 .text.spi_do_alloc_slave
                0x1fc1a5bc       0x4c drivers/spi/built-in.o
                0x1fc1a5bc                spi_do_alloc_slave
 .text.zynq_qspi_setup_transfer
                0x1fc1a608       0xa8 drivers/spi/built-in.o
 .text.zynq_qspi_fill_tx_fifo
                0x1fc1a6b0      0x188 drivers/spi/built-in.o
 .text.spi_init
                0x1fc1a838        0x4 drivers/spi/built-in.o
                0x1fc1a838                spi_init
 .text.spi_setup_slave
                0x1fc1a83c      0x270 drivers/spi/built-in.o
                0x1fc1a83c                spi_setup_slave
 .text.spi_free_slave
                0x1fc1aaac        0x4 drivers/spi/built-in.o
                0x1fc1aaac                spi_free_slave
 .text.spi_claim_bus
                0x1fc1aab0        0x8 drivers/spi/built-in.o
                0x1fc1aab0                spi_claim_bus
 .text.spi_release_bus
                0x1fc1aab8        0x4 drivers/spi/built-in.o
                0x1fc1aab8                spi_release_bus
 .text.spi_xfer
                0x1fc1aabc      0x3b8 drivers/spi/built-in.o
                0x1fc1aabc                spi_xfer
 .text.fs_probe_unsupported
                0x1fc1ae74       0x18 fs/built-in.o
 .text.fs_ls_unsupported
                0x1fc1ae8c        0x8 fs/built-in.o
 .text.fs_exists_unsupported
                0x1fc1ae94        0x8 fs/built-in.o
 .text.fs_read_unsupported
                0x1fc1ae9c        0x8 fs/built-in.o
 .text.fs_write_unsupported
                0x1fc1aea4        0x8 fs/built-in.o
 .text.fs_close_unsupported
                0x1fc1aeac        0x4 fs/built-in.o
 .text.fs_get_info
                0x1fc1aeb0       0x30 fs/built-in.o
 .text.fs_close
                0x1fc1aee0       0x28 fs/built-in.o
 .text.fs_set_blk_dev
                0x1fc1af08       0xb8 fs/built-in.o
                0x1fc1af08                fs_set_blk_dev
 .text.fs_ls    0x1fc1afc0       0x3c fs/built-in.o
                0x1fc1afc0                fs_ls
 .text.fs_exists
                0x1fc1affc       0x34 fs/built-in.o
                0x1fc1affc                fs_exists
 .text.fs_read  0x1fc1b030       0x78 fs/built-in.o
                0x1fc1b030                fs_read
 .text.do_load  0x1fc1b0a8      0x1c8 fs/built-in.o
                0x1fc1b0a8                do_load
 .text.do_ls    0x1fc1b270       0x68 fs/built-in.o
                0x1fc1b270                do_ls
 .text.file_exists
                0x1fc1b2d8       0x2c fs/built-in.o
                0x1fc1b2d8                file_exists
 .text.get_fs   0x1fc1b304        0xc fs/built-in.o
                0x1fc1b304                get_fs
 .text.ext4fs_free_node
                0x1fc1b310       0x24 fs/built-in.o
                0x1fc1b310                ext4fs_free_node
 .text.ext4fs_read_file
                0x1fc1b334      0x27c fs/built-in.o
                0x1fc1b334                ext4fs_read_file
 .text.ext4fs_ls
                0x1fc1b5b0       0x78 fs/built-in.o
                0x1fc1b5b0                ext4fs_ls
 .text.ext4fs_exists
                0x1fc1b628       0x14 fs/built-in.o
                0x1fc1b628                ext4fs_exists
 .text.ext4fs_read
                0x1fc1b63c       0x40 fs/built-in.o
                0x1fc1b63c                ext4fs_read
 .text.ext4fs_probe
                0x1fc1b67c       0x30 fs/built-in.o
                0x1fc1b67c                ext4fs_probe
 .text.ext4_read_file
                0x1fc1b6ac       0x64 fs/built-in.o
                0x1fc1b6ac                ext4_read_file
 .text.ext4fs_read_inode
                0x1fc1b710      0x134 fs/built-in.o
                0x1fc1b710                ext4fs_read_inode
 .text.read_allocated_block
                0x1fc1b844      0x95c fs/built-in.o
                0x1fc1b844                read_allocated_block
 .text.ext4fs_reinit_global
                0x1fc1c1a0       0xbc fs/built-in.o
                0x1fc1c1a0                ext4fs_reinit_global
 .text.ext4fs_close
                0x1fc1c25c       0x60 fs/built-in.o
                0x1fc1c25c                ext4fs_close
 .text.ext4fs_iterate_dir
                0x1fc1c2bc      0x270 fs/built-in.o
                0x1fc1c2bc                ext4fs_iterate_dir
 .text.ext4fs_find_file1
                0x1fc1c52c      0x298 fs/built-in.o
 .text.ext4fs_find_file
                0x1fc1c7c4       0x78 fs/built-in.o
                0x1fc1c7c4                ext4fs_find_file
 .text.ext4fs_open
                0x1fc1c83c       0x9c fs/built-in.o
                0x1fc1c83c                ext4fs_open
 .text.ext4fs_mount
                0x1fc1c8d8       0xc4 fs/built-in.o
                0x1fc1c8d8                ext4fs_mount
 .text.ext4fs_set_blk_dev
                0x1fc1c99c       0x6c fs/built-in.o
                0x1fc1c99c                ext4fs_set_blk_dev
 .text.ext4fs_devread
                0x1fc1ca08      0x250 fs/built-in.o
                0x1fc1ca08                ext4fs_devread
 .text.ext4_read_superblock
                0x1fc1cc58       0x3c fs/built-in.o
                0x1fc1cc58                ext4_read_superblock
 .text.downcase
                0x1fc1cc94       0x30 fs/built-in.o
 .text.disk_read
                0x1fc1ccc4       0x58 fs/built-in.o
 .text.dirdelim
                0x1fc1cd1c       0x30 fs/built-in.o
 .text.get_fatent
                0x1fc1cd4c      0x154 fs/built-in.o
 .text.mkcksum  0x1fc1cea0       0x54 fs/built-in.o
 .text.check_overflow
                0x1fc1cef4       0x74 fs/built-in.o
 .text.disk_write
                0x1fc1cf68       0x80 fs/built-in.o
 .text.flush_fat_buffer
                0x1fc1cfe8       0x80 fs/built-in.o
 .text.set_fatent_value
                0x1fc1d068      0x100 fs/built-in.o
 .text.get_fatent_value
                0x1fc1d168      0x1c8 fs/built-in.o
 .text.get_cluster
                0x1fc1d330      0x178 fs/built-in.o
 .text.get_name
                0x1fc1d4a8       0xac fs/built-in.o
 .text.set_cluster
                0x1fc1d554       0xc8 fs/built-in.o
 .text.set_contents
                0x1fc1d61c      0x1e8 fs/built-in.o
 .text.read_bootsectandvi
                0x1fc1d804      0x124 fs/built-in.o
 .text.set_name
                0x1fc1d928      0x134 fs/built-in.o
 .text.slot2str
                0x1fc1da5c       0xc0 fs/built-in.o
 .text.get_vfatname
                0x1fc1db1c      0x1c0 fs/built-in.o
 .text.flush_dir_table.constprop.7
                0x1fc1dcdc       0xe0 fs/built-in.o
 .text.do_fat_write
                0x1fc1ddbc      0xa5c fs/built-in.o
 .text.fat_set_blk_dev
                0x1fc1e818       0xd0 fs/built-in.o
                0x1fc1e818                fat_set_blk_dev
 .text.do_fat_read_at
                0x1fc1e8e8      0xb7c fs/built-in.o
                0x1fc1e8e8                do_fat_read_at
 .text.do_fat_read
                0x1fc1f464       0x2c fs/built-in.o
                0x1fc1f464                do_fat_read
 .text.file_fat_detectfs
                0x1fc1f490      0x148 fs/built-in.o
                0x1fc1f490                file_fat_detectfs
 .text.file_fat_ls
                0x1fc1f5d8       0x10 fs/built-in.o
                0x1fc1f5d8                file_fat_ls
 .text.fat_exists
                0x1fc1f5e8       0x2c fs/built-in.o
                0x1fc1f5e8                fat_exists
 .text.file_fat_read_at
                0x1fc1f614       0x4c fs/built-in.o
                0x1fc1f614                file_fat_read_at
 .text.fat_read_file
                0x1fc1f660       0x3c fs/built-in.o
                0x1fc1f660                fat_read_file
 .text.fat_close
                0x1fc1f69c        0x4 fs/built-in.o
                0x1fc1f69c                fat_close
 .text.file_fat_write
                0x1fc1f6a0       0x34 fs/built-in.o
                0x1fc1f6a0                file_fat_write
 .text.zcalloc  0x1fc1f6d4        0x8 lib/built-in.o
                0x1fc1f6d4                zcalloc
 .text.zcfree   0x1fc1f6dc        0x8 lib/built-in.o
                0x1fc1f6dc                zcfree
 .text.inflate_fast
                0x1fc1f6e4      0x5a8 lib/built-in.o
                0x1fc1f6e4                inflate_fast
 .text.inflate_table
                0x1fc1fc8c      0x564 lib/built-in.o
                0x1fc1fc8c                inflate_table
 .text.inflateReset
                0x1fc201f0       0x7c lib/built-in.o
                0x1fc201f0                inflateReset
 .text.inflateInit2_
                0x1fc2026c      0x104 lib/built-in.o
                0x1fc2026c                inflateInit2_
 .text.inflateEnd
                0x1fc20370       0x64 lib/built-in.o
                0x1fc20370                inflateEnd
 .text.adler32  0x1fc203d4      0x344 lib/built-in.o
                0x1fc203d4                adler32
 .text.inflate  0x1fc20718     0x14f8 lib/built-in.o
                0x1fc20718                inflate
 .text.cyg_crc16
                0x1fc21c10       0x44 lib/built-in.o
                0x1fc21c10                cyg_crc16
 .text.gzalloc  0x1fc21c54       0x10 lib/built-in.o
                0x1fc21c54                gzalloc
 .text.gzfree   0x1fc21c64        0x8 lib/built-in.o
                0x1fc21c64                gzfree
 .text.zunzip   0x1fc21c6c      0x118 lib/built-in.o
                0x1fc21c6c                zunzip
 .text.gunzip   0x1fc21d84       0xc8 lib/built-in.o
                0x1fc21d84                gunzip
 .text.initcall_run_list
                0x1fc21e4c       0x5c lib/built-in.o
                0x1fc21e4c                initcall_run_list
 .text.lmb_add_region
                0x1fc21ea8      0x1c0 lib/built-in.o
 .text.lmb_init
                0x1fc22068       0x28 lib/built-in.o
                0x1fc22068                lmb_init
 .text.lmb_add  0x1fc22090        0x4 lib/built-in.o
                0x1fc22090                lmb_add
 .text.lmb_free
                0x1fc22094      0x10c lib/built-in.o
                0x1fc22094                lmb_free
 .text.lmb_reserve
                0x1fc221a0        0x8 lib/built-in.o
                0x1fc221a0                lmb_reserve
 .text.lmb_overlaps_region
                0x1fc221a8       0x58 lib/built-in.o
                0x1fc221a8                lmb_overlaps_region
 .text.__lmb_alloc_base
                0x1fc22200      0x10c lib/built-in.o
                0x1fc22200                __lmb_alloc_base
 .text.lmb_alloc_base
                0x1fc2230c       0x34 lib/built-in.o
                0x1fc2230c                lmb_alloc_base
 .text.lmb_alloc
                0x1fc22340        0x8 lib/built-in.o
                0x1fc22340                lmb_alloc
 .text.__board_lmb_reserve
                0x1fc22348        0x4 lib/built-in.o
                0x1fc22348                board_lmb_reserve
                0x1fc22348                __board_lmb_reserve
 .text.byteReverse
                0x1fc2234c       0x2c lib/built-in.o
 .text.MD5Transform
                0x1fc22378      0xa08 lib/built-in.o
 .text.MD5Update
                0x1fc22d80       0xe4 lib/built-in.o
 .text.MD5Final
                0x1fc22e64       0xc4 lib/built-in.o
 .text.md5_wd   0x1fc22f28       0x68 lib/built-in.o
                0x1fc22f28                md5_wd
 .text.string_to_ip
                0x1fc22f90       0x64 lib/built-in.o
                0x1fc22f90                string_to_ip
 .text.qsort    0x1fc22ff4       0xe4 lib/built-in.o
                0x1fc22ff4                qsort
 .text.sha1_process
                0x1fc230d8     0x1530 lib/built-in.o
 .text.sha1_update.part.0
                0x1fc24608       0xbc lib/built-in.o
 .text.sha1_starts
                0x1fc246c4       0x4c lib/built-in.o
                0x1fc246c4                sha1_starts
 .text.sha1_update
                0x1fc24710        0xc lib/built-in.o
                0x1fc24710                sha1_update
 .text.sha1_finish
                0x1fc2471c      0x144 lib/built-in.o
                0x1fc2471c                sha1_finish
 .text.sha1_csum_wd
                0x1fc24860       0x40 lib/built-in.o
                0x1fc24860                sha1_csum_wd
 .text.sha256_process
                0x1fc248a0     0x24c0 lib/built-in.o
 .text.sha256_update.part.0
                0x1fc26d60       0xbc lib/built-in.o
 .text.sha256_starts
                0x1fc26e1c       0x70 lib/built-in.o
                0x1fc26e1c                sha256_starts
 .text.sha256_update
                0x1fc26e8c        0xc lib/built-in.o
                0x1fc26e8c                sha256_update
 .text.sha256_finish
                0x1fc26e98      0x1b0 lib/built-in.o
                0x1fc26e98                sha256_finish
 .text.sha256_csum_wd
                0x1fc27048       0x40 lib/built-in.o
                0x1fc27048                sha256_csum_wd
 .text.cmpkey   0x1fc27088       0x14 lib/built-in.o
 .text._hdelete.isra.1
                0x1fc2709c       0x50 lib/built-in.o
 .text.drop_var_from_set.part.2
                0x1fc270ec       0x50 lib/built-in.o
 .text.match_string.isra.3
                0x1fc2713c       0x60 lib/built-in.o
 .text.hcreate_r
                0x1fc2719c       0xac lib/built-in.o
                0x1fc2719c                hcreate_r
 .text.hdestroy_r
                0x1fc27248       0x74 lib/built-in.o
                0x1fc27248                hdestroy_r
 .text.hsearch_r
                0x1fc272bc      0x49c lib/built-in.o
                0x1fc272bc                hsearch_r
 .text.hdelete_r
                0x1fc27758       0xd4 lib/built-in.o
                0x1fc27758                hdelete_r
 .text.hexport_r
                0x1fc2782c      0x328 lib/built-in.o
                0x1fc2782c                hexport_r
 .text.himport_r
                0x1fc27b54      0x358 lib/built-in.o
                0x1fc27b54                himport_r
 .text.hwalk_r  0x1fc27eac       0x58 lib/built-in.o
                0x1fc27eac                hwalk_r
 .text.display_options
                0x1fc27f04       0x20 lib/built-in.o
                0x1fc27f04                display_options
 .text.print_size
                0x1fc27f24      0x134 lib/built-in.o
                0x1fc27f24                print_size
 .text.print_buffer
                0x1fc28058      0x1c0 lib/built-in.o
                0x1fc28058                print_buffer
 .text.crc32_no_comp
                0x1fc28218       0xd8 lib/built-in.o
                0x1fc28218                crc32_no_comp
 .text.crc32    0x1fc282f0       0x14 lib/built-in.o
                0x1fc282f0                crc32
 .text.crc32_wd
                0x1fc28304        0x4 lib/built-in.o
                0x1fc28304                crc32_wd
 .text.crc32_wd_buf
                0x1fc28308       0x40 lib/built-in.o
                0x1fc28308                crc32_wd_buf
 .text.__div64_32
                0x1fc28348       0xd4 lib/built-in.o
                0x1fc28348                __div64_32
 .text.hang     0x1fc2841c       0x1c lib/built-in.o
                0x1fc2841c                hang
 .text.skip_spaces
                0x1fc28438       0x28 lib/built-in.o
                0x1fc28438                skip_spaces
 .text.strim    0x1fc28460       0x60 lib/built-in.o
                0x1fc28460                strim
 .text.strcpy   0x1fc284c0       0x1c lib/built-in.o
                0x1fc284c0                strcpy
 .text.strncpy  0x1fc284dc       0x24 lib/built-in.o
                0x1fc284dc                strncpy
 .text.strcat   0x1fc28500       0x30 lib/built-in.o
                0x1fc28500                strcat
 .text.strncat  0x1fc28530       0x54 lib/built-in.o
                0x1fc28530                strncat
 .text.strcmp   0x1fc28584       0x2c lib/built-in.o
                0x1fc28584                strcmp
 .text.strncmp  0x1fc285b0       0x40 lib/built-in.o
                0x1fc285b0                strncmp
 .text.strchr   0x1fc285f0       0x2c lib/built-in.o
                0x1fc285f0                strchr
 .text.strlen   0x1fc2861c       0x20 lib/built-in.o
                0x1fc2861c                strlen
 .text.strnlen  0x1fc2863c       0x30 lib/built-in.o
                0x1fc2863c                strnlen
 .text.strdup   0x1fc2866c       0x3c lib/built-in.o
                0x1fc2866c                strdup
 .text.strpbrk  0x1fc286a8       0x3c lib/built-in.o
                0x1fc286a8                strpbrk
 .text.memset   0x1fc286e4       0x60 lib/built-in.o
                0x1fc286e4                memset
 .text.memcpy   0x1fc28744       0x60 lib/built-in.o
                0x1fc28744                memcpy
 .text.memmove  0x1fc287a4       0x54 lib/built-in.o
                0x1fc287a4                memmove
 .text.memcmp   0x1fc287f8       0x34 lib/built-in.o
                0x1fc287f8                memcmp
 .text.strstr   0x1fc2882c       0x68 lib/built-in.o
                0x1fc2882c                strstr
 .text.memchr   0x1fc28894       0x30 lib/built-in.o
                0x1fc28894                memchr
 .text.udelay   0x1fc288c4       0x30 lib/built-in.o
                0x1fc288c4                udelay
 .text.put_dec_trunc
                0x1fc288f4       0xe0 lib/built-in.o
 .text.put_dec  0x1fc289d4      0x134 lib/built-in.o
 .text.string.isra.0