bootstage.h:337:19:bootstage_relocate	0	static
board_r.c:97:12:initr_trace	0	static
board_r.c:132:12:initr_reloc_global_data	0	static
board_r.c:249:12:initr_barrier	0	static
board_r.c:296:12:power_init_board	0	static
board_r.c:301:12:initr_announce	0	static
board_r.c:405:5:initr_mmc	8	static
board_r.c:707:12:run_main_loop	8	static
board_r.c:618:12:initr_net	8	static
board_r.c:545:12:initr_ethaddr	8	static
board_r.c:537:12:initr_enable_interrupts	8	static
board_r.c:504:12:initr_jumptable	8	static
board_r.c:444:12:initr_env	8	static
board_r.c:258:12:initr_malloc	8	static
board_r.c:166:12:initr_serial	8	static
board_r.c:119:12:initr_caches	8	static
board_r.c:106:12:initr_reloc	8	static
board_r.c:63:5:__board_flash_wp_on	0	static
board_r.c:76:6:__cpu_secondary_init_r	0	static
board_r.c:83:12:initr_secondary_cpu	8	static
board_r.c:127:12:fixup_cpu	0	static
board_r.c:924:6:board_init_r	8	static
