eth.c:70:12:__def_eth_init	0	static
eth.c:139:13:eth_current_changed	8	static
eth.c:14:6:eth_parse_enetaddr	24	static
eth.c:26:5:eth_getenv_enetaddr	8	static
eth.c:32:5:eth_setenv_enetaddr	32	static
eth.c:41:5:eth_getenv_enetaddr_by_index	40	static
eth.c:89:20:eth_get_dev_by_name	16	static
eth.c:111:20:eth_get_dev_by_index	0	static
eth.c:131:5:eth_get_dev_index	0	static
eth.c:155:5:eth_write_hwaddr	64	static
eth.c:193:5:eth_register	16	static
eth.c:216:5:eth_unregister	8	static
eth.c:253:5:eth_initialize	24	static
eth.c:404:6:eth_halt	8	static
eth.c:414:5:eth_send	8	static
eth.c:422:5:eth_rx	8	static
eth.c:474:6:eth_try_another	16	static
eth.c:366:5:eth_init	32	static
eth.c:501:6:eth_set_current	24	static
eth.c:528:7:eth_get_name	0	static
